Archive member included to satisfy reference by file (symbol)

/opt/st/stm32cubeide_1.9.0/plugins/com.st.stm32cube.ide.mcu.externaltools.gnu-tools-for-stm32.10.3-2021.10.linux64_1.0.0.202111181127/tools/bin/../lib/gcc/arm-none-eabi/10.3.1/../../../../arm-none-eabi/lib/thumb/v7e-m+fp/hard/libc_nano.a(lib_a-errno.o)
                              ./Core/Src/syscalls.o (__errno)
/opt/st/stm32cubeide_1.9.0/plugins/com.st.stm32cube.ide.mcu.externaltools.gnu-tools-for-stm32.10.3-2021.10.linux64_1.0.0.202111181127/tools/bin/../lib/gcc/arm-none-eabi/10.3.1/../../../../arm-none-eabi/lib/thumb/v7e-m+fp/hard/libc_nano.a(lib_a-exit.o)
                              /opt/st/stm32cubeide_1.9.0/plugins/com.st.stm32cube.ide.mcu.externaltools.gnu-tools-for-stm32.10.3-2021.10.linux64_1.0.0.202111181127/tools/bin/../lib/gcc/arm-none-eabi/10.3.1/../../../../arm-none-eabi/lib/thumb/v7e-m+fp/hard/crt0.o (exit)
/opt/st/stm32cubeide_1.9.0/plugins/com.st.stm32cube.ide.mcu.externaltools.gnu-tools-for-stm32.10.3-2021.10.linux64_1.0.0.202111181127/tools/bin/../lib/gcc/arm-none-eabi/10.3.1/../../../../arm-none-eabi/lib/thumb/v7e-m+fp/hard/libc_nano.a(lib_a-impure.o)
                              /opt/st/stm32cubeide_1.9.0/plugins/com.st.stm32cube.ide.mcu.externaltools.gnu-tools-for-stm32.10.3-2021.10.linux64_1.0.0.202111181127/tools/bin/../lib/gcc/arm-none-eabi/10.3.1/../../../../arm-none-eabi/lib/thumb/v7e-m+fp/hard/libc_nano.a(lib_a-exit.o) (_global_impure_ptr)
/opt/st/stm32cubeide_1.9.0/plugins/com.st.stm32cube.ide.mcu.externaltools.gnu-tools-for-stm32.10.3-2021.10.linux64_1.0.0.202111181127/tools/bin/../lib/gcc/arm-none-eabi/10.3.1/../../../../arm-none-eabi/lib/thumb/v7e-m+fp/hard/libc_nano.a(lib_a-init.o)
                              /opt/st/stm32cubeide_1.9.0/plugins/com.st.stm32cube.ide.mcu.externaltools.gnu-tools-for-stm32.10.3-2021.10.linux64_1.0.0.202111181127/tools/bin/../lib/gcc/arm-none-eabi/10.3.1/../../../../arm-none-eabi/lib/thumb/v7e-m+fp/hard/crt0.o (__libc_init_array)
/opt/st/stm32cubeide_1.9.0/plugins/com.st.stm32cube.ide.mcu.externaltools.gnu-tools-for-stm32.10.3-2021.10.linux64_1.0.0.202111181127/tools/bin/../lib/gcc/arm-none-eabi/10.3.1/../../../../arm-none-eabi/lib/thumb/v7e-m+fp/hard/libc_nano.a(lib_a-memset.o)
                              /opt/st/stm32cubeide_1.9.0/plugins/com.st.stm32cube.ide.mcu.externaltools.gnu-tools-for-stm32.10.3-2021.10.linux64_1.0.0.202111181127/tools/bin/../lib/gcc/arm-none-eabi/10.3.1/../../../../arm-none-eabi/lib/thumb/v7e-m+fp/hard/crt0.o (memset)
/opt/st/stm32cubeide_1.9.0/plugins/com.st.stm32cube.ide.mcu.externaltools.gnu-tools-for-stm32.10.3-2021.10.linux64_1.0.0.202111181127/tools/bin/../lib/gcc/arm-none-eabi/10.3.1/thumb/v7e-m+fp/hard/libgcc.a(_aeabi_uldivmod.o)
                              ./Drivers/STM32F4xx_HAL_Driver/Src/stm32f4xx_hal_rcc.o (__aeabi_uldivmod)
/opt/st/stm32cubeide_1.9.0/plugins/com.st.stm32cube.ide.mcu.externaltools.gnu-tools-for-stm32.10.3-2021.10.linux64_1.0.0.202111181127/tools/bin/../lib/gcc/arm-none-eabi/10.3.1/thumb/v7e-m+fp/hard/libgcc.a(_udivmoddi4.o)
                              /opt/st/stm32cubeide_1.9.0/plugins/com.st.stm32cube.ide.mcu.externaltools.gnu-tools-for-stm32.10.3-2021.10.linux64_1.0.0.202111181127/tools/bin/../lib/gcc/arm-none-eabi/10.3.1/thumb/v7e-m+fp/hard/libgcc.a(_aeabi_uldivmod.o) (__udivmoddi4)
/opt/st/stm32cubeide_1.9.0/plugins/com.st.stm32cube.ide.mcu.externaltools.gnu-tools-for-stm32.10.3-2021.10.linux64_1.0.0.202111181127/tools/bin/../lib/gcc/arm-none-eabi/10.3.1/thumb/v7e-m+fp/hard/libgcc.a(_dvmd_tls.o)
                              /opt/st/stm32cubeide_1.9.0/plugins/com.st.stm32cube.ide.mcu.externaltools.gnu-tools-for-stm32.10.3-2021.10.linux64_1.0.0.202111181127/tools/bin/../lib/gcc/arm-none-eabi/10.3.1/thumb/v7e-m+fp/hard/libgcc.a(_aeabi_uldivmod.o) (__aeabi_ldiv0)

Discarded input sections

 .text          0x0000000000000000        0x0 /opt/st/stm32cubeide_1.9.0/plugins/com.st.stm32cube.ide.mcu.externaltools.gnu-tools-for-stm32.10.3-2021.10.linux64_1.0.0.202111181127/tools/bin/../lib/gcc/arm-none-eabi/10.3.1/thumb/v7e-m+fp/hard/crti.o
 .data          0x0000000000000000        0x0 /opt/st/stm32cubeide_1.9.0/plugins/com.st.stm32cube.ide.mcu.externaltools.gnu-tools-for-stm32.10.3-2021.10.linux64_1.0.0.202111181127/tools/bin/../lib/gcc/arm-none-eabi/10.3.1/thumb/v7e-m+fp/hard/crti.o
 .bss           0x0000000000000000        0x0 /opt/st/stm32cubeide_1.9.0/plugins/com.st.stm32cube.ide.mcu.externaltools.gnu-tools-for-stm32.10.3-2021.10.linux64_1.0.0.202111181127/tools/bin/../lib/gcc/arm-none-eabi/10.3.1/thumb/v7e-m+fp/hard/crti.o
 .data          0x0000000000000000        0x4 /opt/st/stm32cubeide_1.9.0/plugins/com.st.stm32cube.ide.mcu.externaltools.gnu-tools-for-stm32.10.3-2021.10.linux64_1.0.0.202111181127/tools/bin/../lib/gcc/arm-none-eabi/10.3.1/thumb/v7e-m+fp/hard/crtbegin.o
[...]
Memory Configuration

Name             Origin             Length             Attributes
RAM              0x0000000020000000 0x0000000000020000 xrw
FLASH            0x0000000008020000 0x0000000000040000 xr
*default*        0x0000000000000000 0xffffffffffffffff

Linker script and memory map

LOAD /opt/st/stm32cubeide_1.9.0/plugins/com.st.stm32cube.ide.mcu.externaltools.gnu-tools-for-stm32.10.3-2021.10.linux64_1.0.0.202111181127/tools/bin/../lib/gcc/arm-none-eabi/10.3.1/thumb/v7e-m+fp/hard/crti.o
LOAD /opt/st/stm32cubeide_1.9.0/plugins/com.st.stm32cube.ide.mcu.externaltools.gnu-tools-for-stm32.10.3-2021.10.linux64_1.0.0.202111181127/tools/bin/../lib/gcc/arm-none-eabi/10.3.1/thumb/v7e-m+fp/hard/crtbegin.o
LOAD /opt/st/stm32cubeide_1.9.0/plugins/com.st.stm32cube.ide.mcu.externaltools.gnu-tools-for-stm32.10.3-2021.10.linux64_1.0.0.202111181127/tools/bin/../lib/gcc/arm-none-eabi/10.3.1/../../../../arm-none-eabi/lib/thumb/v7e-m+fp/hard/crt0.o
LOAD ./Core/Src/main.o
LOAD ./Core/Src/stm32f4xx_hal_msp.o
LOAD ./Core/Src/stm32f4xx_it.o
LOAD ./Core/Src/syscalls.o
LOAD ./Core/Src/sysmem.o
LOAD ./Core/Src/system_stm32f4xx.o
LOAD ./Core/Startup/startup_stm32f446rctx.o
LOAD ./Drivers/STM32F4xx_HAL_Driver/Src/stm32f4xx_hal.o
LOAD ./Drivers/STM32F4xx_HAL_Driver/Src/stm32f4xx_hal_cortex.o
LOAD ./Drivers/STM32F4xx_HAL_Driver/Src/stm32f4xx_hal_dma.o
LOAD ./Drivers/STM32F4xx_HAL_Driver/Src/stm32f4xx_hal_dma_ex.o
LOAD ./Drivers/STM32F4xx_HAL_Driver/Src/stm32f4xx_hal_exti.o
LOAD ./Drivers/STM32F4xx_HAL_Driver/Src/stm32f4xx_hal_flash.o
LOAD ./Drivers/STM32F4xx_HAL_Driver/Src/stm32f4xx_hal_flash_ex.o
LOAD ./Drivers/STM32F4xx_HAL_Driver/Src/stm32f4xx_hal_flash_ramfunc.o
LOAD ./Drivers/STM32F4xx_HAL_Driver/Src/stm32f4xx_hal_gpio.o
LOAD ./Drivers/STM32F4xx_HAL_Driver/Src/stm32f4xx_hal_pcd.o
LOAD ./Drivers/STM32F4xx_HAL_Driver/Src/stm32f4xx_hal_pcd_ex.o
LOAD ./Drivers/STM32F4xx_HAL_Driver/Src/stm32f4xx_hal_pwr.o
LOAD ./Drivers/STM32F4xx_HAL_Driver/Src/stm32f4xx_hal_pwr_ex.o
LOAD ./Drivers/STM32F4xx_HAL_Driver/Src/stm32f4xx_hal_rcc.o
LOAD ./Drivers/STM32F4xx_HAL_Driver/Src/stm32f4xx_hal_rcc_ex.o
LOAD ./Drivers/STM32F4xx_HAL_Driver/Src/stm32f4xx_hal_sd.o
LOAD ./Drivers/STM32F4xx_HAL_Driver/Src/stm32f4xx_hal_tim.o
LOAD ./Drivers/STM32F4xx_HAL_Driver/Src/stm32f4xx_hal_tim_ex.o
LOAD ./Drivers/STM32F4xx_HAL_Driver/Src/stm32f4xx_hal_uart.o
LOAD ./Drivers/STM32F4xx_HAL_Driver/Src/stm32f4xx_ll_sdmmc.o
LOAD ./Drivers/STM32F4xx_HAL_Driver/Src/stm32f4xx_ll_usb.o
LOAD ./FATFS/App/fatfs.o
LOAD ./FATFS/Target/bsp_driver_sd.o
LOAD ./FATFS/Target/sd_diskio.o
LOAD ./Middlewares/ST/STM32_USB_Device_Library/Class/MSC/Src/usbd_msc.o
LOAD ./Middlewares/ST/STM32_USB_Device_Library/Class/MSC/Src/usbd_msc_bot.o
LOAD ./Middlewares/ST/STM32_USB_Device_Library/Class/MSC/Src/usbd_msc_data.o
LOAD ./Middlewares/ST/STM32_USB_Device_Library/Class/MSC/Src/usbd_msc_scsi.o
LOAD ./Middlewares/ST/STM32_USB_Device_Library/Core/Src/usbd_core.o
LOAD ./Middlewares/ST/STM32_USB_Device_Library/Core/Src/usbd_ctlreq.o
LOAD ./Middlewares/ST/STM32_USB_Device_Library/Core/Src/usbd_ioreq.o
LOAD ./Middlewares/Third_Party/FatFs/src/diskio.o
LOAD ./Middlewares/Third_Party/FatFs/src/ff.o
LOAD ./Middlewares/Third_Party/FatFs/src/ff_gen_drv.o
LOAD ./Middlewares/Third_Party/FatFs/src/option/syscall.o
LOAD ./USB_DEVICE/App/usb_device.o
LOAD ./USB_DEVICE/App/usbd_desc.o
LOAD ./USB_DEVICE/App/usbd_storage_if.o
LOAD ./USB_DEVICE/Target/usbd_conf.o
START GROUP
LOAD /opt/st/stm32cubeide_1.9.0/plugins/com.st.stm32cube.ide.mcu.externaltools.gnu-tools-for-stm32.10.3-2021.10.linux64_1.0.0.202111181127/tools/bin/../lib/gcc/arm-none-eabi/10.3.1/../../../../arm-none-eabi/lib/thumb/v7e-m+fp/hard/libstdc++_nano.a
LOAD /opt/st/stm32cubeide_1.9.0/plugins/com.st.stm32cube.ide.mcu.externaltools.gnu-tools-for-stm32.10.3-2021.10.linux64_1.0.0.202111181127/tools/bin/../lib/gcc/arm-none-eabi/10.3.1/../../../../arm-none-eabi/lib/thumb/v7e-m+fp/hard/libsupc++_nano.a
END GROUP
LOAD /opt/st/stm32cubeide_1.9.0/plugins/com.st.stm32cube.ide.mcu.externaltools.gnu-tools-for-stm32.10.3-2021.10.linux64_1.0.0.202111181127/tools/bin/../lib/gcc/arm-none-eabi/10.3.1/../../../../arm-none-eabi/lib/thumb/v7e-m+fp/hard/libstdc++_nano.a
LOAD /opt/st/stm32cubeide_1.9.0/plugins/com.st.stm32cube.ide.mcu.externaltools.gnu-tools-for-stm32.10.3-2021.10.linux64_1.0.0.202111181127/tools/bin/../lib/gcc/arm-none-eabi/10.3.1/../../../../arm-none-eabi/lib/thumb/v7e-m+fp/hard/libm.a
LOAD /opt/st/stm32cubeide_1.9.0/plugins/com.st.stm32cube.ide.mcu.externaltools.gnu-tools-for-stm32.10.3-2021.10.linux64_1.0.0.202111181127/tools/bin/../lib/gcc/arm-none-eabi/10.3.1/../../../../arm-none-eabi/lib/thumb/v7e-m+fp/hard/libc_nano.a
START GROUP
LOAD /opt/st/stm32cubeide_1.9.0/plugins/com.st.stm32cube.ide.mcu.externaltools.gnu-tools-for-stm32.10.3-2021.10.linux64_1.0.0.202111181127/tools/bin/../lib/gcc/arm-none-eabi/10.3.1/thumb/v7e-m+fp/hard/libgcc.a
LOAD /opt/st/stm32cubeide_1.9.0/plugins/com.st.stm32cube.ide.mcu.externaltools.gnu-tools-for-stm32.10.3-2021.10.linux64_1.0.0.202111181127/tools/bin/../lib/gcc/arm-none-eabi/10.3.1/../../../../arm-none-eabi/lib/thumb/v7e-m+fp/hard/libc_nano.a
END GROUP
START GROUP
LOAD /opt/st/stm32cubeide_1.9.0/plugins/com.st.stm32cube.ide.mcu.externaltools.gnu-tools-for-stm32.10.3-2021.10.linux64_1.0.0.202111181127/tools/bin/../lib/gcc/arm-none-eabi/10.3.1/thumb/v7e-m+fp/hard/libgcc.a
LOAD /opt/st/stm32cubeide_1.9.0/plugins/com.st.stm32cube.ide.mcu.externaltools.gnu-tools-for-stm32.10.3-2021.10.linux64_1.0.0.202111181127/tools/bin/../lib/gcc/arm-none-eabi/10.3.1/../../../../arm-none-eabi/lib/thumb/v7e-m+fp/hard/libc_nano.a
LOAD /opt/st/stm32cubeide_1.9.0/plugins/com.st.stm32cube.ide.mcu.externaltools.gnu-tools-for-stm32.10.3-2021.10.linux64_1.0.0.202111181127/tools/bin/../lib/gcc/arm-none-eabi/10.3.1/../../../../arm-none-eabi/lib/thumb/v7e-m+fp/hard/libnosys.a
END GROUP
START GROUP
LOAD /opt/st/stm32cubeide_1.9.0/plugins/com.st.stm32cube.ide.mcu.externaltools.gnu-tools-for-stm32.10.3-2021.10.linux64_1.0.0.202111181127/tools/bin/../lib/gcc/arm-none-eabi/10.3.1/thumb/v7e-m+fp/hard/libgcc.a
LOAD /opt/st/stm32cubeide_1.9.0/plugins/com.st.stm32cube.ide.mcu.externaltools.gnu-tools-for-stm32.10.3-2021.10.linux64_1.0.0.202111181127/tools/bin/../lib/gcc/arm-none-eabi/10.3.1/../../../../arm-none-eabi/lib/thumb/v7e-m+fp/hard/libc_nano.a
LOAD /opt/st/stm32cubeide_1.9.0/plugins/com.st.stm32cube.ide.mcu.externaltools.gnu-tools-for-stm32.10.3-2021.10.linux64_1.0.0.202111181127/tools/bin/../lib/gcc/arm-none-eabi/10.3.1/../../../../arm-none-eabi/lib/thumb/v7e-m+fp/hard/libnosys.a
END GROUP
LOAD /opt/st/stm32cubeide_1.9.0/plugins/com.st.stm32cube.ide.mcu.externaltools.gnu-tools-for-stm32.10.3-2021.10.linux64_1.0.0.202111181127/tools/bin/../lib/gcc/arm-none-eabi/10.3.1/thumb/v7e-m+fp/hard/crtend.o
LOAD /opt/st/stm32cubeide_1.9.0/plugins/com.st.stm32cube.ide.mcu.externaltools.gnu-tools-for-stm32.10.3-2021.10.linux64_1.0.0.202111181127/tools/bin/../lib/gcc/arm-none-eabi/10.3.1/thumb/v7e-m+fp/hard/crtn.o
                0x0000000020020000                _estack = (ORIGIN (RAM) + LENGTH (RAM))
                0x0000000000000200                _Min_Heap_Size = 0x200
                0x0000000000000400                _Min_Stack_Size = 0x400

.isr_vector     0x0000000008020000      0x1c4
                0x0000000008020000                . = ALIGN (0x4)
 *(.isr_vector)
 .isr_vector    0x0000000008020000      0x1c4 ./Core/Startup/startup_stm32f446rctx.o
                0x0000000008020000                g_pfnVectors
                0x00000000080201c4                . = ALIGN (0x4)

.text           0x00000000080201c4     0x6824
                0x00000000080201c4                . = ALIGN (0x4)
 *(.text)
 .text          0x00000000080201c4       0x40 /opt/st/stm32cubeide_1.9.0/plugins/com.st.stm32cube.ide.mcu.externaltools.gnu-tools-for-stm32.10.3-2021.10.linux64_1.0.0.202111181127/tools/bin/../lib/gcc/arm-none-eabi/10.3.1/thumb/v7e-m+fp/hard/crtbegin.o
 .text          0x0000000008020204       0x30 /opt/st/stm32cubeide_1.9.0/plugins/com.st.stm32cube.ide.mcu.externaltools.gnu-tools-for-stm32.10.3-2021.10.linux64_1.0.0.202111181127/tools/bin/../lib/gcc/arm-none-eabi/10.3.1/thumb/v7e-m+fp/hard/libgcc.a(_aeabi_uldivmod.o)
                0x0000000008020204                __aeabi_uldivmod
 .text          0x0000000008020234      0x2d0 /opt/st/stm32cubeide_1.9.0/plugins/com.st.stm32cube.ide.mcu.externaltools.gnu-tools-for-stm32.10.3-2021.10.linux64_1.0.0.202111181127/tools/bin/../lib/gcc/arm-none-eabi/10.3.1/thumb/v7e-m+fp/hard/libgcc.a(_udivmoddi4.o)
                0x0000000008020234                __udivmoddi4
 .text          0x0000000008020504        0x4 /opt/st/stm32cubeide_1.9.0/plugins/com.st.stm32cube.ide.mcu.externaltools.gnu-tools-for-stm32.10.3-2021.10.linux64_1.0.0.202111181127/tools/bin/../lib/gcc/arm-none-eabi/10.3.1/thumb/v7e-m+fp/hard/libgcc.a(_dvmd_tls.o)
                0x0000000008020504                __aeabi_ldiv0
                0x0000000008020504                __aeabi_idiv0
 *(.text*)
 .text.cpu_delay
                0x0000000008020508       0x36 ./Core/Src/main.o
 *fill*         0x000000000802053e        0x2 
 .text.main     0x0000000008020540       0x48 ./Core/Src/main.o
                0x0000000008020540                main
 .text.SystemClock_Config
                0x0000000008020588       0xd8 ./Core/Src/main.o
                0x0000000008020588                SystemClock_Config
 .text.MX_SDIO_SD_Init
                0x0000000008020660       0x40 ./Core/Src/main.o
 .text.MX_USART2_UART_Init
                0x00000000080206a0       0x54 ./Core/Src/main.o
 .text.MX_DMA_Init
                0x00000000080206f4       0x50 ./Core/Src/main.o
 .text.MX_GPIO_Init
                0x0000000008020744       0xf4 ./Core/Src/main.o
 .text.Error_Handler
                0x0000000008020838        0xa ./Core/Src/main.o
                0x0000000008020838                Error_Handler
 *fill*         0x0000000008020842        0x2 
 .text.HAL_MspInit
                0x0000000008020844       0x50 ./Core/Src/stm32f4xx_hal_msp.o
                0x0000000008020844                HAL_MspInit
 .text.HAL_UART_MspInit
                0x0000000008020894       0x90 ./Core/Src/stm32f4xx_hal_msp.o
                0x0000000008020894                HAL_UART_MspInit
 .text.NMI_Handler
                0x0000000008020924        0x6 ./Core/Src/stm32f4xx_it.o
                0x0000000008020924                NMI_Handler
 .text.HardFault_Handler
                0x000000000802092a        0x6 ./Core/Src/stm32f4xx_it.o
                0x000000000802092a                HardFault_Handler
 .text.MemManage_Handler
                0x0000000008020930        0x6 ./Core/Src/stm32f4xx_it.o
                0x0000000008020930                MemManage_Handler
 .text.BusFault_Handler
                0x0000000008020936        0x6 ./Core/Src/stm32f4xx_it.o
                0x0000000008020936                BusFault_Handler
 .text.UsageFault_Handler
                0x000000000802093c        0x6 ./Core/Src/stm32f4xx_it.o
                0x000000000802093c                UsageFault_Handler
 .text.SVC_Handler
                0x0000000008020942        0xe ./Core/Src/stm32f4xx_it.o
                0x0000000008020942                SVC_Handler
 .text.DebugMon_Handler
                0x0000000008020950        0xe ./Core/Src/stm32f4xx_it.o
                0x0000000008020950                DebugMon_Handler
 .text.PendSV_Handler
                0x000000000802095e        0xe ./Core/Src/stm32f4xx_it.o
                0x000000000802095e                PendSV_Handler
 .text.SysTick_Handler
                0x000000000802096c        0xc ./Core/Src/stm32f4xx_it.o
                0x000000000802096c                SysTick_Handler
 .text.SDIO_IRQHandler
                0x0000000008020978       0x14 ./Core/Src/stm32f4xx_it.o
                0x0000000008020978                SDIO_IRQHandler
 .text.DMA2_Stream3_IRQHandler
                0x000000000802098c       0x14 ./Core/Src/stm32f4xx_it.o
                0x000000000802098c                DMA2_Stream3_IRQHandler
 .text.OTG_FS_IRQHandler
                0x00000000080209a0       0x14 ./Core/Src/stm32f4xx_it.o
                0x00000000080209a0                OTG_FS_IRQHandler
 .text.DMA2_Stream6_IRQHandler
                0x00000000080209b4       0x14 ./Core/Src/stm32f4xx_it.o
                0x00000000080209b4                DMA2_Stream6_IRQHandler
 .text.SystemInit
                0x00000000080209c8       0x24 ./Core/Src/system_stm32f4xx.o
                0x00000000080209c8                SystemInit
 .text.Reset_Handler
                0x00000000080209ec       0x50 ./Core/Startup/startup_stm32f446rctx.o
                0x00000000080209ec                Reset_Handler
 .text.Default_Handler
                0x0000000008020a3c        0x2 ./Core/Startup/startup_stm32f446rctx.o
                0x0000000008020a3c                RTC_Alarm_IRQHandler
                0x0000000008020a3c                EXTI2_IRQHandler
                0x0000000008020a3c                TIM8_CC_IRQHandler
                0x0000000008020a3c                FMPI2C1_EV_IRQHandler
                0x0000000008020a3c                SPI4_IRQHandler
                0x0000000008020a3c                TIM1_CC_IRQHandler
                0x0000000008020a3c                DMA2_Stream5_IRQHandler
                0x0000000008020a3c                DMA1_Stream5_IRQHandler
                0x0000000008020a3c                PVD_IRQHandler
                0x0000000008020a3c                TAMP_STAMP_IRQHandler
                0x0000000008020a3c                CAN2_RX1_IRQHandler
                0x0000000008020a3c                EXTI3_IRQHandler
                0x0000000008020a3c                TIM8_TRG_COM_TIM14_IRQHandler
                0x0000000008020a3c                TIM1_UP_TIM10_IRQHandler
                0x0000000008020a3c                TIM8_UP_TIM13_IRQHandler
                0x0000000008020a3c                I2C3_ER_IRQHandler
                0x0000000008020a3c                EXTI0_IRQHandler
                0x0000000008020a3c                I2C2_EV_IRQHandler
                0x0000000008020a3c                DMA1_Stream2_IRQHandler
                0x0000000008020a3c                CAN1_RX0_IRQHandler
                0x0000000008020a3c                FPU_IRQHandler
                0x0000000008020a3c                OTG_HS_WKUP_IRQHandler
                0x0000000008020a3c                CAN2_SCE_IRQHandler
                0x0000000008020a3c                DMA2_Stream2_IRQHandler
                0x0000000008020a3c                SPI1_IRQHandler
                0x0000000008020a3c                TIM6_DAC_IRQHandler
                0x0000000008020a3c                TIM1_BRK_TIM9_IRQHandler
                0x0000000008020a3c                DCMI_IRQHandler
                0x0000000008020a3c                CAN2_RX0_IRQHandler
                0x0000000008020a3c                SAI2_IRQHandler
                0x0000000008020a3c                USART6_IRQHandler
                0x0000000008020a3c                USART3_IRQHandler
                0x0000000008020a3c                CAN1_RX1_IRQHandler
                0x0000000008020a3c                UART5_IRQHandler
                0x0000000008020a3c                DMA2_Stream0_IRQHandler
                0x0000000008020a3c                TIM4_IRQHandler
                0x0000000008020a3c                QUADSPI_IRQHandler
                0x0000000008020a3c                I2C1_EV_IRQHandler
                0x0000000008020a3c                DMA1_Stream6_IRQHandler
                0x0000000008020a3c                DMA1_Stream1_IRQHandler
                0x0000000008020a3c                UART4_IRQHandler
                0x0000000008020a3c                TIM3_IRQHandler
                0x0000000008020a3c                RCC_IRQHandler
                0x0000000008020a3c                TIM8_BRK_TIM12_IRQHandler
                0x0000000008020a3c                Default_Handler
                0x0000000008020a3c                CEC_IRQHandler
                0x0000000008020a3c                EXTI15_10_IRQHandler
                0x0000000008020a3c                ADC_IRQHandler
                0x0000000008020a3c                DMA1_Stream7_IRQHandler
                0x0000000008020a3c                TIM7_IRQHandler
                0x0000000008020a3c                CAN2_TX_IRQHandler
                0x0000000008020a3c                TIM5_IRQHandler
                0x0000000008020a3c                DMA2_Stream7_IRQHandler
                0x0000000008020a3c                I2C3_EV_IRQHandler
                0x0000000008020a3c                EXTI9_5_IRQHandler
                0x0000000008020a3c                RTC_WKUP_IRQHandler
                0x0000000008020a3c                SPDIF_RX_IRQHandler
                0x0000000008020a3c                SPI2_IRQHandler
                0x0000000008020a3c                OTG_HS_EP1_IN_IRQHandler
                0x0000000008020a3c                DMA1_Stream0_IRQHandler
                0x0000000008020a3c                CAN1_TX_IRQHandler
                0x0000000008020a3c                FMPI2C1_ER_IRQHandler
                0x0000000008020a3c                EXTI4_IRQHandler
                0x0000000008020a3c                OTG_HS_EP1_OUT_IRQHandler
                0x0000000008020a3c                WWDG_IRQHandler
                0x0000000008020a3c                TIM2_IRQHandler
                0x0000000008020a3c                OTG_FS_WKUP_IRQHandler
                0x0000000008020a3c                TIM1_TRG_COM_TIM11_IRQHandler
                0x0000000008020a3c                OTG_HS_IRQHandler
                0x0000000008020a3c                EXTI1_IRQHandler
                0x0000000008020a3c                USART2_IRQHandler
                0x0000000008020a3c                I2C2_ER_IRQHandler
                0x0000000008020a3c                DMA2_Stream1_IRQHandler
                0x0000000008020a3c                CAN1_SCE_IRQHandler
                0x0000000008020a3c                FLASH_IRQHandler
                0x0000000008020a3c                DMA2_Stream4_IRQHandler
                0x0000000008020a3c                USART1_IRQHandler
                0x0000000008020a3c                SPI3_IRQHandler
                0x0000000008020a3c                DMA1_Stream4_IRQHandler
                0x0000000008020a3c                I2C1_ER_IRQHandler
                0x0000000008020a3c                FMC_IRQHandler
                0x0000000008020a3c                SAI1_IRQHandler
                0x0000000008020a3c                DMA1_Stream3_IRQHandler
 *fill*         0x0000000008020a3e        0x2 
 .text.HAL_Init
                0x0000000008020a40       0x44 ./Drivers/STM32F4xx_HAL_Driver/Src/stm32f4xx_hal.o
                0x0000000008020a40                HAL_Init
 .text.HAL_InitTick
                0x0000000008020a84       0x60 ./Drivers/STM32F4xx_HAL_Driver/Src/stm32f4xx_hal.o
                0x0000000008020a84                HAL_InitTick
 .text.HAL_IncTick
                0x0000000008020ae4       0x28 ./Drivers/STM32F4xx_HAL_Driver/Src/stm32f4xx_hal.o
                0x0000000008020ae4                HAL_IncTick
 .text.HAL_GetTick
                0x0000000008020b0c       0x18 ./Drivers/STM32F4xx_HAL_Driver/Src/stm32f4xx_hal.o
                0x0000000008020b0c                HAL_GetTick
 .text.__NVIC_SetPriorityGrouping
                0x0000000008020b24       0x48 ./Drivers/STM32F4xx_HAL_Driver/Src/stm32f4xx_hal_cortex.o
 .text.__NVIC_GetPriorityGrouping
                0x0000000008020b6c       0x1c ./Drivers/STM32F4xx_HAL_Driver/Src/stm32f4xx_hal_cortex.o
 .text.__NVIC_EnableIRQ
                0x0000000008020b88       0x3c ./Drivers/STM32F4xx_HAL_Driver/Src/stm32f4xx_hal_cortex.o
 .text.__NVIC_SetPriority
                0x0000000008020bc4       0x54 ./Drivers/STM32F4xx_HAL_Driver/Src/stm32f4xx_hal_cortex.o
 .text.NVIC_EncodePriority
                0x0000000008020c18       0x66 ./Drivers/STM32F4xx_HAL_Driver/Src/stm32f4xx_hal_cortex.o
 *fill*         0x0000000008020c7e        0x2 
 .text.SysTick_Config
                0x0000000008020c80       0x44 ./Drivers/STM32F4xx_HAL_Driver/Src/stm32f4xx_hal_cortex.o
 .text.HAL_NVIC_SetPriorityGrouping
                0x0000000008020cc4       0x16 ./Drivers/STM32F4xx_HAL_Driver/Src/stm32f4xx_hal_cortex.o
                0x0000000008020cc4                HAL_NVIC_SetPriorityGrouping
 .text.HAL_NVIC_SetPriority
                0x0000000008020cda       0x38 ./Drivers/STM32F4xx_HAL_Driver/Src/stm32f4xx_hal_cortex.o
                0x0000000008020cda                HAL_NVIC_SetPriority
 .text.HAL_NVIC_EnableIRQ
                0x0000000008020d12       0x1c ./Drivers/STM32F4xx_HAL_Driver/Src/stm32f4xx_hal_cortex.o
                0x0000000008020d12                HAL_NVIC_EnableIRQ
 .text.HAL_SYSTICK_Config
                0x0000000008020d2e       0x18 ./Drivers/STM32F4xx_HAL_Driver/Src/stm32f4xx_hal_cortex.o
                0x0000000008020d2e                HAL_SYSTICK_Config
 .text.HAL_DMA_Abort_IT
                0x0000000008020d46       0x44 ./Drivers/STM32F4xx_HAL_Driver/Src/stm32f4xx_hal_dma.o
                0x0000000008020d46                HAL_DMA_Abort_IT
 *fill*         0x0000000008020d8a        0x2 
 .text.HAL_DMA_IRQHandler
                0x0000000008020d8c      0x314 ./Drivers/STM32F4xx_HAL_Driver/Src/stm32f4xx_hal_dma.o
                0x0000000008020d8c                HAL_DMA_IRQHandler
 .text.HAL_GPIO_Init
                0x00000000080210a0      0x328 ./Drivers/STM32F4xx_HAL_Driver/Src/stm32f4xx_hal_gpio.o
                0x00000000080210a0                HAL_GPIO_Init
 .text.HAL_GPIO_WritePin
                0x00000000080213c8       0x32 ./Drivers/STM32F4xx_HAL_Driver/Src/stm32f4xx_hal_gpio.o
                0x00000000080213c8                HAL_GPIO_WritePin
 .text.HAL_GPIO_TogglePin
                0x00000000080213fa       0x34 ./Drivers/STM32F4xx_HAL_Driver/Src/stm32f4xx_hal_gpio.o
                0x00000000080213fa                HAL_GPIO_TogglePin
 .text.HAL_PCD_IRQHandler
                0x000000000802142e      0x998 ./Drivers/STM32F4xx_HAL_Driver/Src/stm32f4xx_hal_pcd.o
                0x000000000802142e                HAL_PCD_IRQHandler
 .text.HAL_PCD_SetAddress
                0x0000000008021dc6       0x4a ./Drivers/STM32F4xx_HAL_Driver/Src/stm32f4xx_hal_pcd.o
                0x0000000008021dc6                HAL_PCD_SetAddress
 .text.HAL_PCD_EP_Open
                0x0000000008021e10       0xd0 ./Drivers/STM32F4xx_HAL_Driver/Src/stm32f4xx_hal_pcd.o
                0x0000000008021e10                HAL_PCD_EP_Open
 .text.HAL_PCD_EP_Receive
                0x0000000008021ee0       0x96 ./Drivers/STM32F4xx_HAL_Driver/Src/stm32f4xx_hal_pcd.o
                0x0000000008021ee0                HAL_PCD_EP_Receive
 .text.HAL_PCD_EP_Transmit
                0x0000000008021f76       0x94 ./Drivers/STM32F4xx_HAL_Driver/Src/stm32f4xx_hal_pcd.o
                0x0000000008021f76                HAL_PCD_EP_Transmit
 .text.HAL_PCD_EP_SetStall
                0x000000000802200a       0xc8 ./Drivers/STM32F4xx_HAL_Driver/Src/stm32f4xx_hal_pcd.o
                0x000000000802200a                HAL_PCD_EP_SetStall
 .text.HAL_PCD_EP_ClrStall
                0x00000000080220d2       0xac ./Drivers/STM32F4xx_HAL_Driver/Src/stm32f4xx_hal_pcd.o
                0x00000000080220d2                HAL_PCD_EP_ClrStall
 .text.HAL_PCD_EP_Abort
                0x000000000802217e       0x62 ./Drivers/STM32F4xx_HAL_Driver/Src/stm32f4xx_hal_pcd.o
                0x000000000802217e                HAL_PCD_EP_Abort
 .text.PCD_WriteEmptyTxFifo
                0x00000000080221e0      0x11a ./Drivers/STM32F4xx_HAL_Driver/Src/stm32f4xx_hal_pcd.o
 *fill*         0x00000000080222fa        0x2 
 .text.PCD_EP_OutXfrComplete_int
                0x00000000080222fc      0x1d0 ./Drivers/STM32F4xx_HAL_Driver/Src/stm32f4xx_hal_pcd.o
 .text.PCD_EP_OutSetupPacket_int
                0x00000000080224cc       0x8c ./Drivers/STM32F4xx_HAL_Driver/Src/stm32f4xx_hal_pcd.o
 .text.HAL_RCC_ClockConfig
                0x0000000008022558      0x1cc ./Drivers/STM32F4xx_HAL_Driver/Src/stm32f4xx_hal_rcc.o
                0x0000000008022558                HAL_RCC_ClockConfig
 .text.HAL_RCC_GetHCLKFreq
                0x0000000008022724       0x18 ./Drivers/STM32F4xx_HAL_Driver/Src/stm32f4xx_hal_rcc.o
                0x0000000008022724                HAL_RCC_GetHCLKFreq
 .text.HAL_RCC_GetPCLK1Freq
                0x000000000802273c       0x28 ./Drivers/STM32F4xx_HAL_Driver/Src/stm32f4xx_hal_rcc.o
                0x000000000802273c                HAL_RCC_GetPCLK1Freq
 .text.HAL_RCC_GetPCLK2Freq
                0x0000000008022764       0x28 ./Drivers/STM32F4xx_HAL_Driver/Src/stm32f4xx_hal_rcc.o
                0x0000000008022764                HAL_RCC_GetPCLK2Freq
 .text.HAL_RCC_GetSysClockFreq
                0x000000000802278c      0x460 ./Drivers/STM32F4xx_HAL_Driver/Src/stm32f4xx_hal_rcc_ex.o
                0x000000000802278c                HAL_RCC_GetSysClockFreq
 .text.HAL_RCC_OscConfig
                0x0000000008022bec      0x53c ./Drivers/STM32F4xx_HAL_Driver/Src/stm32f4xx_hal_rcc_ex.o
                0x0000000008022bec                HAL_RCC_OscConfig
 .text.HAL_SD_IRQHandler
                0x0000000008023128      0x2ec ./Drivers/STM32F4xx_HAL_Driver/Src/stm32f4xx_hal_sd.o
                0x0000000008023128                HAL_SD_IRQHandler
 .text.HAL_SD_ErrorCallback
                0x0000000008023414       0x14 ./Drivers/STM32F4xx_HAL_Driver/Src/stm32f4xx_hal_sd.o
                0x0000000008023414                HAL_SD_ErrorCallback
 .text.HAL_SD_GetCardState
                0x0000000008023428       0x40 ./Drivers/STM32F4xx_HAL_Driver/Src/stm32f4xx_hal_sd.o
                0x0000000008023428                HAL_SD_GetCardState
 .text.SD_DMATxAbort
                0x0000000008023468       0x6e ./Drivers/STM32F4xx_HAL_Driver/Src/stm32f4xx_hal_sd.o
 .text.SD_DMARxAbort
                0x00000000080234d6       0x6e ./Drivers/STM32F4xx_HAL_Driver/Src/stm32f4xx_hal_sd.o
 .text.SD_SendStatus
                0x0000000008023544       0x50 ./Drivers/STM32F4xx_HAL_Driver/Src/stm32f4xx_hal_sd.o
 .text.SD_Read_IT
                0x0000000008023594       0xa2 ./Drivers/STM32F4xx_HAL_Driver/Src/stm32f4xx_hal_sd.o
 .text.SD_Write_IT
                0x0000000008023636       0xaa ./Drivers/STM32F4xx_HAL_Driver/Src/stm32f4xx_hal_sd.o
 .text.HAL_UART_Init
                0x00000000080236e0       0x9a ./Drivers/STM32F4xx_HAL_Driver/Src/stm32f4xx_hal_uart.o
                0x00000000080236e0                HAL_UART_Init
 *fill*         0x000000000802377a        0x2 
 .text.UART_SetConfig
                0x000000000802377c      0x4e8 ./Drivers/STM32F4xx_HAL_Driver/Src/stm32f4xx_hal_uart.o
 .text.SDIO_ReadFIFO
                0x0000000008023c64       0x1a ./Drivers/STM32F4xx_HAL_Driver/Src/stm32f4xx_ll_sdmmc.o
                0x0000000008023c64                SDIO_ReadFIFO
 .text.SDIO_WriteFIFO
                0x0000000008023c7e       0x22 ./Drivers/STM32F4xx_HAL_Driver/Src/stm32f4xx_ll_sdmmc.o
                0x0000000008023c7e                SDIO_WriteFIFO
 .text.SDIO_SendCommand
                0x0000000008023ca0       0x54 ./Drivers/STM32F4xx_HAL_Driver/Src/stm32f4xx_ll_sdmmc.o
                0x0000000008023ca0                SDIO_SendCommand
 .text.SDIO_GetCommandResponse
                0x0000000008023cf4       0x1a ./Drivers/STM32F4xx_HAL_Driver/Src/stm32f4xx_ll_sdmmc.o
                0x0000000008023cf4                SDIO_GetCommandResponse
 .text.SDIO_GetResponse
                0x0000000008023d0e       0x26 ./Drivers/STM32F4xx_HAL_Driver/Src/stm32f4xx_ll_sdmmc.o
                0x0000000008023d0e                SDIO_GetResponse
 .text.SDMMC_CmdStopTransfer
                0x0000000008023d34       0x44 ./Drivers/STM32F4xx_HAL_Driver/Src/stm32f4xx_ll_sdmmc.o
                0x0000000008023d34                SDMMC_CmdStopTransfer
 .text.SDMMC_CmdSendStatus
                0x0000000008023d78       0x44 ./Drivers/STM32F4xx_HAL_Driver/Src/stm32f4xx_ll_sdmmc.o
                0x0000000008023d78                SDMMC_CmdSendStatus
 .text.SDMMC_GetCmdResp1
                0x0000000008023dbc      0x1dc ./Drivers/STM32F4xx_HAL_Driver/Src/stm32f4xx_ll_sdmmc.o
                0x0000000008023dbc                SDMMC_GetCmdResp1
 .text.USB_SetTurnaroundTime
                0x0000000008023f98      0x144 ./Drivers/STM32F4xx_HAL_Driver/Src/stm32f4xx_ll_usb.o
                0x0000000008023f98                USB_SetTurnaroundTime
 .text.USB_FlushTxFifo
                0x00000000080240dc       0x68 ./Drivers/STM32F4xx_HAL_Driver/Src/stm32f4xx_ll_usb.o
                0x00000000080240dc                USB_FlushTxFifo
 .text.USB_GetDevSpeed
                0x0000000008024144       0x4a ./Drivers/STM32F4xx_HAL_Driver/Src/stm32f4xx_ll_usb.o
                0x0000000008024144                USB_GetDevSpeed
 .text.USB_ActivateEndpoint
                0x000000000802418e      0x10e ./Drivers/STM32F4xx_HAL_Driver/Src/stm32f4xx_ll_usb.o
                0x000000000802418e                USB_ActivateEndpoint
 .text.USB_EPStartXfer
                0x000000000802429c      0x490 ./Drivers/STM32F4xx_HAL_Driver/Src/stm32f4xx_ll_usb.o
                0x000000000802429c                USB_EPStartXfer
 .text.USB_EP0StartXfer
                0x000000000802472c      0x2b0 ./Drivers/STM32F4xx_HAL_Driver/Src/stm32f4xx_ll_usb.o
                0x000000000802472c                USB_EP0StartXfer
 .text.USB_EPStopXfer
                0x00000000080249dc      0x154 ./Drivers/STM32F4xx_HAL_Driver/Src/stm32f4xx_ll_usb.o
                0x00000000080249dc                USB_EPStopXfer
 .text.USB_WritePacket
                0x0000000008024b30       0x7c ./Drivers/STM32F4xx_HAL_Driver/Src/stm32f4xx_ll_usb.o
                0x0000000008024b30                USB_WritePacket
 .text.USB_ReadPacket
                0x0000000008024bac       0xb0 ./Drivers/STM32F4xx_HAL_Driver/Src/stm32f4xx_ll_usb.o
                0x0000000008024bac                USB_ReadPacket
 .text.USB_EPSetStall
                0x0000000008024c5c       0xdc ./Drivers/STM32F4xx_HAL_Driver/Src/stm32f4xx_ll_usb.o
                0x0000000008024c5c                USB_EPSetStall
 .text.USB_EPClearStall
                0x0000000008024d38       0xcc ./Drivers/STM32F4xx_HAL_Driver/Src/stm32f4xx_ll_usb.o
                0x0000000008024d38                USB_EPClearStall
 .text.USB_SetDevAddress
                0x0000000008024e04       0x4c ./Drivers/STM32F4xx_HAL_Driver/Src/stm32f4xx_ll_usb.o
                0x0000000008024e04                USB_SetDevAddress
 .text.USB_ReadInterrupts
                0x0000000008024e50       0x26 ./Drivers/STM32F4xx_HAL_Driver/Src/stm32f4xx_ll_usb.o
                0x0000000008024e50                USB_ReadInterrupts
 .text.USB_ReadDevAllOutEpInterrupt
                0x0000000008024e76       0x34 ./Drivers/STM32F4xx_HAL_Driver/Src/stm32f4xx_ll_usb.o
                0x0000000008024e76                USB_ReadDevAllOutEpInterrupt
 .text.USB_ReadDevAllInEpInterrupt
                0x0000000008024eaa       0x34 ./Drivers/STM32F4xx_HAL_Driver/Src/stm32f4xx_ll_usb.o
                0x0000000008024eaa                USB_ReadDevAllInEpInterrupt
 .text.USB_ReadDevOutEPInterrupt
                0x0000000008024ede       0x3c ./Drivers/STM32F4xx_HAL_Driver/Src/stm32f4xx_ll_usb.o
                0x0000000008024ede                USB_ReadDevOutEPInterrupt
 .text.USB_ReadDevInEPInterrupt
                0x0000000008024f1a       0x5c ./Drivers/STM32F4xx_HAL_Driver/Src/stm32f4xx_ll_usb.o
                0x0000000008024f1a                USB_ReadDevInEPInterrupt
 .text.USB_GetMode
                0x0000000008024f76       0x1c ./Drivers/STM32F4xx_HAL_Driver/Src/stm32f4xx_ll_usb.o
                0x0000000008024f76                USB_GetMode
 .text.USB_ActivateSetup
                0x0000000008024f92       0x46 ./Drivers/STM32F4xx_HAL_Driver/Src/stm32f4xx_ll_usb.o
                0x0000000008024f92                USB_ActivateSetup
 .text.USB_EP0_OutStart
                0x0000000008024fd8       0xbc ./Drivers/STM32F4xx_HAL_Driver/Src/stm32f4xx_ll_usb.o
                0x0000000008024fd8                USB_EP0_OutStart
 .text.HAL_SD_AbortCallback
                0x0000000008025094       0x14 ./FATFS/Target/bsp_driver_sd.o
                0x0000000008025094                HAL_SD_AbortCallback
 .text.HAL_SD_TxCpltCallback
                0x00000000080250a8       0x14 ./FATFS/Target/bsp_driver_sd.o
                0x00000000080250a8                HAL_SD_TxCpltCallback
 .text.HAL_SD_RxCpltCallback
                0x00000000080250bc       0x14 ./FATFS/Target/bsp_driver_sd.o
                0x00000000080250bc                HAL_SD_RxCpltCallback
 .text.BSP_SD_AbortCallback
                0x00000000080250d0        0xe ./FATFS/Target/bsp_driver_sd.o
                0x00000000080250d0                BSP_SD_AbortCallback
 *fill*         0x00000000080250de        0x2 
 .text.BSP_SD_WriteCpltCallback
                0x00000000080250e0       0x18 ./FATFS/Target/sd_diskio.o
                0x00000000080250e0                BSP_SD_WriteCpltCallback
 .text.BSP_SD_ReadCpltCallback
                0x00000000080250f8       0x18 ./FATFS/Target/sd_diskio.o
                0x00000000080250f8                BSP_SD_ReadCpltCallback
 .text.USBD_RunTestMode
                0x0000000008025110       0x16 ./Middlewares/ST/STM32_USB_Device_Library/Core/Src/usbd_core.o
                0x0000000008025110                USBD_RunTestMode
 .text.USBD_SetClassConfig
                0x0000000008025126       0x38 ./Middlewares/ST/STM32_USB_Device_Library/Core/Src/usbd_core.o
                0x0000000008025126                USBD_SetClassConfig
 .text.USBD_ClrClassConfig
                0x000000000802515e       0x34 ./Middlewares/ST/STM32_USB_Device_Library/Core/Src/usbd_core.o
                0x000000000802515e                USBD_ClrClassConfig
 .text.USBD_LL_SetupStage
                0x0000000008025192       0xaa ./Middlewares/ST/STM32_USB_Device_Library/Core/Src/usbd_core.o
                0x0000000008025192                USBD_LL_SetupStage
 .text.USBD_LL_DataOutStage
                0x000000000802523c      0x166 ./Middlewares/ST/STM32_USB_Device_Library/Core/Src/usbd_core.o
                0x000000000802523c                USBD_LL_DataOutStage
 .text.USBD_LL_DataInStage
                0x00000000080253a2      0x164 ./Middlewares/ST/STM32_USB_Device_Library/Core/Src/usbd_core.o
                0x00000000080253a2                USBD_LL_DataInStage
 .text.USBD_LL_Reset
                0x0000000008025506       0xa4 ./Middlewares/ST/STM32_USB_Device_Library/Core/Src/usbd_core.o
                0x0000000008025506                USBD_LL_Reset
 .text.USBD_LL_SetSpeed
                0x00000000080255aa       0x20 ./Middlewares/ST/STM32_USB_Device_Library/Core/Src/usbd_core.o
                0x00000000080255aa                USBD_LL_SetSpeed
 .text.USBD_LL_Suspend
                0x00000000080255ca       0x2c ./Middlewares/ST/STM32_USB_Device_Library/Core/Src/usbd_core.o
                0x00000000080255ca                USBD_LL_Suspend
 .text.USBD_LL_Resume
                0x00000000080255f6       0x30 ./Middlewares/ST/STM32_USB_Device_Library/Core/Src/usbd_core.o
                0x00000000080255f6                USBD_LL_Resume
 .text.USBD_LL_SOF
                0x0000000008025626       0x40 ./Middlewares/ST/STM32_USB_Device_Library/Core/Src/usbd_core.o
                0x0000000008025626                USBD_LL_SOF
 .text.USBD_LL_IsoINIncomplete
                0x0000000008025666       0x64 ./Middlewares/ST/STM32_USB_Device_Library/Core/Src/usbd_core.o
                0x0000000008025666                USBD_LL_IsoINIncomplete
 .text.USBD_LL_IsoOUTIncomplete
                0x00000000080256ca       0x64 ./Middlewares/ST/STM32_USB_Device_Library/Core/Src/usbd_core.o
                0x00000000080256ca                USBD_LL_IsoOUTIncomplete
 .text.USBD_LL_DevConnected
                0x000000000802572e       0x16 ./Middlewares/ST/STM32_USB_Device_Library/Core/Src/usbd_core.o
                0x000000000802572e                USBD_LL_DevConnected
 .text.USBD_LL_DevDisconnected
                0x0000000008025744       0x46 ./Middlewares/ST/STM32_USB_Device_Library/Core/Src/usbd_core.o
                0x0000000008025744                USBD_LL_DevDisconnected
 .text.USBD_CoreFindIF
                0x000000000802578a       0x1a ./Middlewares/ST/STM32_USB_Device_Library/Core/Src/usbd_core.o
                0x000000000802578a                USBD_CoreFindIF
 .text.USBD_CoreFindEP
                0x00000000080257a4       0x1a ./Middlewares/ST/STM32_USB_Device_Library/Core/Src/usbd_core.o
                0x00000000080257a4                USBD_CoreFindEP
 .text.SWAPBYTE
                0x00000000080257be       0x3c ./Middlewares/ST/STM32_USB_Device_Library/Core/Src/usbd_ctlreq.o
 *fill*         0x00000000080257fa        0x2 
 .text.USBD_StdDevReq
                0x00000000080257fc       0xe4 ./Middlewares/ST/STM32_USB_Device_Library/Core/Src/usbd_ctlreq.o
                0x00000000080257fc                USBD_StdDevReq
 .text.USBD_StdItfReq
                0x00000000080258e0       0xd8 ./Middlewares/ST/STM32_USB_Device_Library/Core/Src/usbd_ctlreq.o
                0x00000000080258e0                USBD_StdItfReq
 .text.USBD_StdEPReq
                0x00000000080259b8      0x33a ./Middlewares/ST/STM32_USB_Device_Library/Core/Src/usbd_ctlreq.o
                0x00000000080259b8                USBD_StdEPReq
 *fill*         0x0000000008025cf2        0x2 
 .text.USBD_GetDescriptor
                0x0000000008025cf4      0x328 ./Middlewares/ST/STM32_USB_Device_Library/Core/Src/usbd_ctlreq.o
 .text.USBD_SetAddress
                0x000000000802601c       0x88 ./Middlewares/ST/STM32_USB_Device_Library/Core/Src/usbd_ctlreq.o
 .text.USBD_SetConfig
                0x00000000080260a4      0x154 ./Middlewares/ST/STM32_USB_Device_Library/Core/Src/usbd_ctlreq.o
 .text.USBD_GetConfig
                0x00000000080261f8       0x6c ./Middlewares/ST/STM32_USB_Device_Library/Core/Src/usbd_ctlreq.o
 .text.USBD_GetStatus
                0x0000000008026264       0x68 ./Middlewares/ST/STM32_USB_Device_Library/Core/Src/usbd_ctlreq.o
 .text.USBD_SetFeature
                0x00000000080262cc       0x52 ./Middlewares/ST/STM32_USB_Device_Library/Core/Src/usbd_ctlreq.o
 .text.USBD_ClrFeature
                0x000000000802631e       0x44 ./Middlewares/ST/STM32_USB_Device_Library/Core/Src/usbd_ctlreq.o
 .text.USBD_ParseSetupRequest
                0x0000000008026362       0x74 ./Middlewares/ST/STM32_USB_Device_Library/Core/Src/usbd_ctlreq.o
                0x0000000008026362                USBD_ParseSetupRequest
 .text.USBD_CtlError
                0x00000000080263d6       0x22 ./Middlewares/ST/STM32_USB_Device_Library/Core/Src/usbd_ctlreq.o
                0x00000000080263d6                USBD_CtlError
 .text.USBD_CtlSendData
                0x00000000080263f8       0x36 ./Middlewares/ST/STM32_USB_Device_Library/Core/Src/usbd_ioreq.o
                0x00000000080263f8                USBD_CtlSendData
 .text.USBD_CtlContinueSendData
                0x000000000802642e       0x22 ./Middlewares/ST/STM32_USB_Device_Library/Core/Src/usbd_ioreq.o
                0x000000000802642e                USBD_CtlContinueSendData
 .text.USBD_CtlContinueRx
                0x0000000008026450       0x22 ./Middlewares/ST/STM32_USB_Device_Library/Core/Src/usbd_ioreq.o
                0x0000000008026450                USBD_CtlContinueRx
 .text.USBD_CtlSendStatus
                0x0000000008026472       0x26 ./Middlewares/ST/STM32_USB_Device_Library/Core/Src/usbd_ioreq.o
                0x0000000008026472                USBD_CtlSendStatus
 .text.USBD_CtlReceiveStatus
                0x0000000008026498       0x26 ./Middlewares/ST/STM32_USB_Device_Library/Core/Src/usbd_ioreq.o
                0x0000000008026498                USBD_CtlReceiveStatus
 .text.HAL_PCD_SetupStageCallback
                0x00000000080264be       0x24 ./USB_DEVICE/Target/usbd_conf.o
                0x00000000080264be                HAL_PCD_SetupStageCallback
 .text.HAL_PCD_DataOutStageCallback
                0x00000000080264e2       0x36 ./USB_DEVICE/Target/usbd_conf.o
                0x00000000080264e2                HAL_PCD_DataOutStageCallback
 .text.HAL_PCD_DataInStageCallback
                0x0000000008026518       0x34 ./USB_DEVICE/Target/usbd_conf.o
                0x0000000008026518                HAL_PCD_DataInStageCallback
 .text.HAL_PCD_SOFCallback
                0x000000000802654c       0x1c ./USB_DEVICE/Target/usbd_conf.o
                0x000000000802654c                HAL_PCD_SOFCallback
 .text.HAL_PCD_ResetCallback
                0x0000000008026568       0x50 ./USB_DEVICE/Target/usbd_conf.o
                0x0000000008026568                HAL_PCD_ResetCallback
 .text.HAL_PCD_SuspendCallback
                0x00000000080265b8       0x4c ./USB_DEVICE/Target/usbd_conf.o
                0x00000000080265b8                HAL_PCD_SuspendCallback
 .text.HAL_PCD_ResumeCallback
                0x0000000008026604       0x1c ./USB_DEVICE/Target/usbd_conf.o
                0x0000000008026604                HAL_PCD_ResumeCallback
 .text.HAL_PCD_ISOOUTIncompleteCallback
                0x0000000008026620       0x24 ./USB_DEVICE/Target/usbd_conf.o
                0x0000000008026620                HAL_PCD_ISOOUTIncompleteCallback
 .text.HAL_PCD_ISOINIncompleteCallback
                0x0000000008026644       0x24 ./USB_DEVICE/Target/usbd_conf.o
                0x0000000008026644                HAL_PCD_ISOINIncompleteCallback
 .text.HAL_PCD_ConnectCallback
                0x0000000008026668       0x1c ./USB_DEVICE/Target/usbd_conf.o
                0x0000000008026668                HAL_PCD_ConnectCallback
 .text.HAL_PCD_DisconnectCallback
                0x0000000008026684       0x1c ./USB_DEVICE/Target/usbd_conf.o
                0x0000000008026684                HAL_PCD_DisconnectCallback
 .text.USBD_LL_OpenEP
                0x00000000080266a0       0x4c ./USB_DEVICE/Target/usbd_conf.o
                0x00000000080266a0                USBD_LL_OpenEP
 .text.USBD_LL_StallEP
                0x00000000080266ec       0x3e ./USB_DEVICE/Target/usbd_conf.o
                0x00000000080266ec                USBD_LL_StallEP
 .text.USBD_LL_ClearStallEP
                0x000000000802672a       0x3e ./USB_DEVICE/Target/usbd_conf.o
                0x000000000802672a                USBD_LL_ClearStallEP
 .text.USBD_LL_IsStallEP
                0x0000000008026768       0x58 ./USB_DEVICE/Target/usbd_conf.o
                0x0000000008026768                USBD_LL_IsStallEP
 .text.USBD_LL_SetUSBAddress
                0x00000000080267c0       0x3e ./USB_DEVICE/Target/usbd_conf.o
                0x00000000080267c0                USBD_LL_SetUSBAddress
 .text.USBD_LL_Transmit
                0x00000000080267fe       0x42 ./USB_DEVICE/Target/usbd_conf.o
                0x00000000080267fe                USBD_LL_Transmit
 .text.USBD_LL_PrepareReceive
                0x0000000008026840       0x42 ./USB_DEVICE/Target/usbd_conf.o
                0x0000000008026840                USBD_LL_PrepareReceive
 *fill*         0x0000000008026882        0x2 
 .text.HAL_PCDEx_LPM_Callback
                0x0000000008026884       0x9c ./USB_DEVICE/Target/usbd_conf.o
                0x0000000008026884                HAL_PCDEx_LPM_Callback
 .text.USBD_Get_USB_Status
                0x0000000008026920       0x58 ./USB_DEVICE/Target/usbd_conf.o
                0x0000000008026920                USBD_Get_USB_Status
 .text.__libc_init_array
                0x0000000008026978       0x48 /opt/st/stm32cubeide_1.9.0/plugins/com.st.stm32cube.ide.mcu.externaltools.gnu-tools-for-stm32.10.3-2021.10.linux64_1.0.0.202111181127/tools/bin/../lib/gcc/arm-none-eabi/10.3.1/../../../../arm-none-eabi/lib/thumb/v7e-m+fp/hard/libc_nano.a(lib_a-init.o)
                0x0000000008026978                __libc_init_array
 .text.memset   0x00000000080269c0       0x10 /opt/st/stm32cubeide_1.9.0/plugins/com.st.stm32cube.ide.mcu.externaltools.gnu-tools-for-stm32.10.3-2021.10.linux64_1.0.0.202111181127/tools/bin/../lib/gcc/arm-none-eabi/10.3.1/../../../../arm-none-eabi/lib/thumb/v7e-m+fp/hard/libc_nano.a(lib_a-memset.o)
                0x00000000080269c0                memset
 *(.glue_7)
 .glue_7        0x00000000080269d0        0x0 linker stubs
 *(.glue_7t)
 .glue_7t       0x00000000080269d0        0x0 linker stubs
 *(.eh_frame)
 .eh_frame      0x00000000080269d0        0x0 /opt/st/stm32cubeide_1.9.0/plugins/com.st.stm32cube.ide.mcu.externaltools.gnu-tools-for-stm32.10.3-2021.10.linux64_1.0.0.202111181127/tools/bin/../lib/gcc/arm-none-eabi/10.3.1/thumb/v7e-m+fp/hard/crtbegin.o
 *(.init)
 .init          0x00000000080269d0        0x4 /opt/st/stm32cubeide_1.9.0/plugins/com.st.stm32cube.ide.mcu.externaltools.gnu-tools-for-stm32.10.3-2021.10.linux64_1.0.0.202111181127/tools/bin/../lib/gcc/arm-none-eabi/10.3.1/thumb/v7e-m+fp/hard/crti.o
                0x00000000080269d0                _init
 .init          0x00000000080269d4        0x8 /opt/st/stm32cubeide_1.9.0/plugins/com.st.stm32cube.ide.mcu.externaltools.gnu-tools-for-stm32.10.3-2021.10.linux64_1.0.0.202111181127/tools/bin/../lib/gcc/arm-none-eabi/10.3.1/thumb/v7e-m+fp/hard/crtn.o
 *(.fini)
 .fini          0x00000000080269dc        0x4 /opt/st/stm32cubeide_1.9.0/plugins/com.st.stm32cube.ide.mcu.externaltools.gnu-tools-for-stm32.10.3-2021.10.linux64_1.0.0.202111181127/tools/bin/../lib/gcc/arm-none-eabi/10.3.1/thumb/v7e-m+fp/hard/crti.o
                0x00000000080269dc                _fini
 .fini          0x00000000080269e0        0x8 /opt/st/stm32cubeide_1.9.0/plugins/com.st.stm32cube.ide.mcu.externaltools.gnu-tools-for-stm32.10.3-2021.10.linux64_1.0.0.202111181127/tools/bin/../lib/gcc/arm-none-eabi/10.3.1/thumb/v7e-m+fp/hard/crtn.o
                0x00000000080269e8                . = ALIGN (0x4)
                0x00000000080269e8                _etext = .

.vfp11_veneer   0x00000000080269e8        0x0
 .vfp11_veneer  0x00000000080269e8        0x0 linker stubs

.v4_bx          0x00000000080269e8        0x0
 .v4_bx         0x00000000080269e8        0x0 linker stubs

.iplt           0x00000000080269e8        0x0
 .iplt          0x00000000080269e8        0x0 /opt/st/stm32cubeide_1.9.0/plugins/com.st.stm32cube.ide.mcu.externaltools.gnu-tools-for-stm32.10.3-2021.10.linux64_1.0.0.202111181127/tools/bin/../lib/gcc/arm-none-eabi/10.3.1/thumb/v7e-m+fp/hard/crtbegin.o

.rodata         0x00000000080269e8       0x18
                0x00000000080269e8                . = ALIGN (0x4)
 *(.rodata)
 *(.rodata*)
 .rodata.AHBPrescTable
                0x00000000080269e8       0x10 ./Core/Src/system_stm32f4xx.o
                0x00000000080269e8                AHBPrescTable
 .rodata.APBPrescTable
                0x00000000080269f8        0x8 ./Core/Src/system_stm32f4xx.o
                0x00000000080269f8                APBPrescTable
                0x0000000008026a00                . = ALIGN (0x4)

.ARM.extab      0x0000000008026a00        0x0
                0x0000000008026a00                . = ALIGN (0x4)
 *(.ARM.extab* .gnu.linkonce.armextab.*)
                0x0000000008026a00                . = ALIGN (0x4)

.ARM            0x0000000008026a00        0x8
                0x0000000008026a00                . = ALIGN (0x4)
                0x0000000008026a00                __exidx_start = .
 *(.ARM.exidx*)
 .ARM.exidx     0x0000000008026a00        0x8 /opt/st/stm32cubeide_1.9.0/plugins/com.st.stm32cube.ide.mcu.externaltools.gnu-tools-for-stm32.10.3-2021.10.linux64_1.0.0.202111181127/tools/bin/../lib/gcc/arm-none-eabi/10.3.1/thumb/v7e-m+fp/hard/libgcc.a(_udivmoddi4.o)
                0x0000000008026a08                __exidx_end = .
                0x0000000008026a08                . = ALIGN (0x4)

.rel.dyn        0x0000000008026a08        0x0
 .rel.iplt      0x0000000008026a08        0x0 /opt/st/stm32cubeide_1.9.0/plugins/com.st.stm32cube.ide.mcu.externaltools.gnu-tools-for-stm32.10.3-2021.10.linux64_1.0.0.202111181127/tools/bin/../lib/gcc/arm-none-eabi/10.3.1/thumb/v7e-m+fp/hard/crtbegin.o

.preinit_array  0x0000000008026a08        0x0
                0x0000000008026a08                . = ALIGN (0x4)
                0x0000000008026a08                PROVIDE (__preinit_array_start = .)
 *(.preinit_array*)
                0x0000000008026a08                PROVIDE (__preinit_array_end = .)
                0x0000000008026a08                . = ALIGN (0x4)

.init_array     0x0000000008026a08        0x4
                0x0000000008026a08                . = ALIGN (0x4)
                0x0000000008026a08                PROVIDE (__init_array_start = .)
 *(SORT_BY_NAME(.init_array.*))
 *(.init_array*)
 .init_array    0x0000000008026a08        0x4 /opt/st/stm32cubeide_1.9.0/plugins/com.st.stm32cube.ide.mcu.externaltools.gnu-tools-for-stm32.10.3-2021.10.linux64_1.0.0.202111181127/tools/bin/../lib/gcc/arm-none-eabi/10.3.1/thumb/v7e-m+fp/hard/crtbegin.o
                0x0000000008026a0c                PROVIDE (__init_array_end = .)
                0x0000000008026a0c                . = ALIGN (0x4)

.fini_array     0x0000000008026a0c        0x4
                0x0000000008026a0c                . = ALIGN (0x4)
                [!provide]                        PROVIDE (__fini_array_start = .)
 *(SORT_BY_NAME(.fini_array.*))
 *(.fini_array*)
 .fini_array    0x0000000008026a0c        0x4 /opt/st/stm32cubeide_1.9.0/plugins/com.st.stm32cube.ide.mcu.externaltools.gnu-tools-for-stm32.10.3-2021.10.linux64_1.0.0.202111181127/tools/bin/../lib/gcc/arm-none-eabi/10.3.1/thumb/v7e-m+fp/hard/crtbegin.o
                [!provide]                        PROVIDE (__fini_array_end = .)
                0x0000000008026a10                . = ALIGN (0x4)
                0x0000000008026a10                _sidata = LOADADDR (.data)

.data           0x0000000020000000        0xc load address 0x0000000008026a10
                0x0000000020000000                . = ALIGN (0x4)
                0x0000000020000000                _sdata = .
 *(.data)
 *(.data*)
 .data.SystemCoreClock
                0x0000000020000000        0x4 ./Core/Src/system_stm32f4xx.o
                0x0000000020000000                SystemCoreClock
 .data.uwTickPrio
                0x0000000020000004        0x4 ./Drivers/STM32F4xx_HAL_Driver/Src/stm32f4xx_hal.o
                0x0000000020000004                uwTickPrio
 .data.uwTickFreq
                0x0000000020000008        0x1 ./Drivers/STM32F4xx_HAL_Driver/Src/stm32f4xx_hal.o
                0x0000000020000008                uwTickFreq
 *(.RamFunc)
 *(.RamFunc*)
                0x000000002000000c                . = ALIGN (0x4)
 *fill*         0x0000000020000009        0x3 
                0x000000002000000c                _edata = .

.igot.plt       0x000000002000000c        0x0 load address 0x0000000008026a1c
 .igot.plt      0x000000002000000c        0x0 /opt/st/stm32cubeide_1.9.0/plugins/com.st.stm32cube.ide.mcu.externaltools.gnu-tools-for-stm32.10.3-2021.10.linux64_1.0.0.202111181127/tools/bin/../lib/gcc/arm-none-eabi/10.3.1/thumb/v7e-m+fp/hard/crtbegin.o
                0x000000002000000c                . = ALIGN (0x4)

.bss            0x000000002000000c      0x6c0 load address 0x0000000008026a1c
                0x000000002000000c                _sbss = .
                0x000000002000000c                __bss_start__ = _sbss
 *(.bss)
 .bss           0x000000002000000c       0x1c /opt/st/stm32cubeide_1.9.0/plugins/com.st.stm32cube.ide.mcu.externaltools.gnu-tools-for-stm32.10.3-2021.10.linux64_1.0.0.202111181127/tools/bin/../lib/gcc/arm-none-eabi/10.3.1/thumb/v7e-m+fp/hard/crtbegin.o
 *(.bss*)
 .bss.hsd       0x0000000020000028       0x84 ./Core/Src/main.o
                0x0000000020000028                hsd
 .bss.hdma_sdio_rx
                0x00000000200000ac       0x60 ./Core/Src/main.o
                0x00000000200000ac                hdma_sdio_rx
 .bss.hdma_sdio_tx
                0x000000002000010c       0x60 ./Core/Src/main.o
                0x000000002000010c                hdma_sdio_tx
 .bss.huart2    0x000000002000016c       0x44 ./Core/Src/main.o
                0x000000002000016c                huart2
 .bss.uwTick    0x00000000200001b0        0x4 ./Drivers/STM32F4xx_HAL_Driver/Src/stm32f4xx_hal.o
                0x00000000200001b0                uwTick
 .bss.WriteStatus
                0x00000000200001b4        0x4 ./FATFS/Target/sd_diskio.o
 .bss.ReadStatus
                0x00000000200001b8        0x4 ./FATFS/Target/sd_diskio.o
 .bss.cfgidx.0  0x00000000200001bc        0x1 ./Middlewares/ST/STM32_USB_Device_Library/Core/Src/usbd_ctlreq.o
 *fill*         0x00000000200001bd        0x3 
 .bss.hpcd_USB_OTG_FS
                0x00000000200001c0      0x50c ./USB_DEVICE/Target/usbd_conf.o
                0x00000000200001c0                hpcd_USB_OTG_FS
 *(COMMON)
                0x00000000200006cc                . = ALIGN (0x4)
                0x00000000200006cc                _ebss = .
                0x00000000200006cc                __bss_end__ = _ebss

._user_heap_stack
                0x00000000200006cc      0x604 load address 0x0000000008026a1c
                0x00000000200006d0                . = ALIGN (0x8)
 *fill*         0x00000000200006cc        0x4 
                [!provide]                        PROVIDE (end = .)
                0x00000000200006d0                PROVIDE (_end = .)
                0x00000000200008d0                . = (. + _Min_Heap_Size)
 *fill*         0x00000000200006d0      0x200 
                0x0000000020000cd0                . = (. + _Min_Stack_Size)
 *fill*         0x00000000200008d0      0x400 
                0x0000000020000cd0                . = ALIGN (0x8)

/DISCARD/
 libc.a(*)
 libm.a(*)
 libgcc.a(*)

.ARM.attributes
                0x0000000000000000       0x30
 *(.ARM.attributes)
 .ARM.attributes
                0x0000000000000000       0x1e /opt/st/stm32cubeide_1.9.0/plugins/com.st.stm32cube.ide.mcu.externaltools.gnu-tools-for-stm32.10.3-2021.10.linux64_1.0.0.202111181127/tools/bin/../lib/gcc/arm-none-eabi/10.3.1/thumb/v7e-m+fp/hard/crti.o
 .ARM.attributes
                0x000000000000001e       0x34 /opt/st/stm32cubeide_1.9.0/plugins/com.st.stm32cube.ide.mcu.externaltools.gnu-tools-for-stm32.10.3-2021.10.linux64_1.0.0.202111181127/tools/bin/../lib/gcc/arm-none-eabi/10.3.1/thumb/v7e-m+fp/hard/crtbegin.o
 .ARM.attributes
                0x0000000000000052       0x34 ./Core/Src/main.o
 .ARM.attributes
                0x0000000000000086       0x34 ./Core/Src/stm32f4xx_hal_msp.o
 .ARM.attributes
                0x00000000000000ba       0x34 ./Core/Src/stm32f4xx_it.o
 .ARM.attributes
                0x00000000000000ee       0x34 ./Core/Src/system_stm32f4xx.o
 .ARM.attributes
                0x0000000000000122       0x21 ./Core/Startup/startup_stm32f446rctx.o
 .ARM.attributes
                0x0000000000000143       0x34 ./Drivers/STM32F4xx_HAL_Driver/Src/stm32f4xx_hal.o
 .ARM.attributes
                0x0000000000000177       0x34 ./Drivers/STM32F4xx_HAL_Driver/Src/stm32f4xx_hal_cortex.o
 .ARM.attributes
                0x00000000000001ab       0x34 ./Drivers/STM32F4xx_HAL_Driver/Src/stm32f4xx_hal_dma.o
 .ARM.attributes
                0x00000000000001df       0x34 ./Drivers/STM32F4xx_HAL_Driver/Src/stm32f4xx_hal_gpio.o
 .ARM.attributes
                0x0000000000000213       0x34 ./Drivers/STM32F4xx_HAL_Driver/Src/stm32f4xx_hal_pcd.o
 .ARM.attributes
                0x0000000000000247       0x34 ./Drivers/STM32F4xx_HAL_Driver/Src/stm32f4xx_hal_rcc.o
 .ARM.attributes
                0x000000000000027b       0x34 ./Drivers/STM32F4xx_HAL_Driver/Src/stm32f4xx_hal_rcc_ex.o
 .ARM.attributes
                0x00000000000002af       0x34 ./Drivers/STM32F4xx_HAL_Driver/Src/stm32f4xx_hal_sd.o
 .ARM.attributes
                0x00000000000002e3       0x34 ./Drivers/STM32F4xx_HAL_Driver/Src/stm32f4xx_hal_uart.o
 .ARM.attributes
                0x0000000000000317       0x34 ./Drivers/STM32F4xx_HAL_Driver/Src/stm32f4xx_ll_sdmmc.o
 .ARM.attributes
                0x000000000000034b       0x34 ./Drivers/STM32F4xx_HAL_Driver/Src/stm32f4xx_ll_usb.o
 .ARM.attributes
                0x000000000000037f       0x34 ./FATFS/Target/bsp_driver_sd.o
 .ARM.attributes
                0x00000000000003b3       0x34 ./FATFS/Target/sd_diskio.o
 .ARM.attributes
                0x00000000000003e7       0x34 ./Middlewares/ST/STM32_USB_Device_Library/Core/Src/usbd_core.o
 .ARM.attributes
                0x000000000000041b       0x34 ./Middlewares/ST/STM32_USB_Device_Library/Core/Src/usbd_ctlreq.o
 .ARM.attributes
                0x000000000000044f       0x34 ./Middlewares/ST/STM32_USB_Device_Library/Core/Src/usbd_ioreq.o
 .ARM.attributes
                0x0000000000000483       0x34 ./USB_DEVICE/Target/usbd_conf.o
 .ARM.attributes
                0x00000000000004b7       0x34 /opt/st/stm32cubeide_1.9.0/plugins/com.st.stm32cube.ide.mcu.externaltools.gnu-tools-for-stm32.10.3-2021.10.linux64_1.0.0.202111181127/tools/bin/../lib/gcc/arm-none-eabi/10.3.1/../../../../arm-none-eabi/lib/thumb/v7e-m+fp/hard/libc_nano.a(lib_a-init.o)
 .ARM.attributes
                0x00000000000004eb       0x34 /opt/st/stm32cubeide_1.9.0/plugins/com.st.stm32cube.ide.mcu.externaltools.gnu-tools-for-stm32.10.3-2021.10.linux64_1.0.0.202111181127/tools/bin/../lib/gcc/arm-none-eabi/10.3.1/../../../../arm-none-eabi/lib/thumb/v7e-m+fp/hard/libc_nano.a(lib_a-memset.o)
 .ARM.attributes
                0x000000000000051f       0x1e /opt/st/stm32cubeide_1.9.0/plugins/com.st.stm32cube.ide.mcu.externaltools.gnu-tools-for-stm32.10.3-2021.10.linux64_1.0.0.202111181127/tools/bin/../lib/gcc/arm-none-eabi/10.3.1/thumb/v7e-m+fp/hard/libgcc.a(_aeabi_uldivmod.o)
 .ARM.attributes
                0x000000000000053d       0x34 /opt/st/stm32cubeide_1.9.0/plugins/com.st.stm32cube.ide.mcu.externaltools.gnu-tools-for-stm32.10.3-2021.10.linux64_1.0.0.202111181127/tools/bin/../lib/gcc/arm-none-eabi/10.3.1/thumb/v7e-m+fp/hard/libgcc.a(_udivmoddi4.o)
 .ARM.attributes
                0x0000000000000571       0x1e /opt/st/stm32cubeide_1.9.0/plugins/com.st.stm32cube.ide.mcu.externaltools.gnu-tools-for-stm32.10.3-2021.10.linux64_1.0.0.202111181127/tools/bin/../lib/gcc/arm-none-eabi/10.3.1/thumb/v7e-m+fp/hard/libgcc.a(_dvmd_tls.o)
 .ARM.attributes
                0x000000000000058f       0x1e /opt/st/stm32cubeide_1.9.0/plugins/com.st.stm32cube.ide.mcu.externaltools.gnu-tools-for-stm32.10.3-2021.10.linux64_1.0.0.202111181127/tools/bin/../lib/gcc/arm-none-eabi/10.3.1/thumb/v7e-m+fp/hard/crtn.o
OUTPUT(exoboat-bootloader-testapp.elf elf32-littlearm)
LOAD linker stubs
LOAD /opt/st/stm32cubeide_1.9.0/plugins/com.st.stm32cube.ide.mcu.externaltools.gnu-tools-for-stm32.10.3-2021.10.linux64_1.0.0.202111181127/tools/bin/../lib/gcc/arm-none-eabi/10.3.1/../../../../arm-none-eabi/lib/thumb/v7e-m+fp/hard/libc.a
LOAD /opt/st/stm32cubeide_1.9.0/plugins/com.st.stm32cube.ide.mcu.externaltools.gnu-tools-for-stm32.10.3-2021.10.linux64_1.0.0.202111181127/tools/bin/../lib/gcc/arm-none-eabi/10.3.1/../../../../arm-none-eabi/lib/thumb/v7e-m+fp/hard/libm.a
LOAD /opt/st/stm32cubeide_1.9.0/plugins/com.st.stm32cube.ide.mcu.externaltools.gnu-tools-for-stm32.10.3-2021.10.linux64_1.0.0.202111181127/tools/bin/../lib/gcc/arm-none-eabi/10.3.1/thumb/v7e-m+fp/hard/libgcc.a

.debug_info     0x0000000000000000    0x15cf7
 .debug_info    0x0000000000000000     0x14f3 ./Core/Src/main.o
 .debug_info    0x00000000000014f3     0x12a9 ./Core/Src/stm32f4xx_hal_msp.o
 .debug_info    0x000000000000279c      0xcf4 ./Core/Src/stm32f4xx_it.o
 .debug_info    0x0000000000003490      0x55b ./Core/Src/system_stm32f4xx.o
 .debug_info    0x00000000000039eb       0x22 ./Core/Startup/startup_stm32f446rctx.o
 .debug_info    0x0000000000003a0d      0x9d2 ./Drivers/STM32F4xx_HAL_Driver/Src/stm32f4xx_hal.o
 .debug_info    0x00000000000043df      0xe39 ./Drivers/STM32F4xx_HAL_Driver/Src/stm32f4xx_hal_cortex.o
 .debug_info    0x0000000000005218      0x94f ./Drivers/STM32F4xx_HAL_Driver/Src/stm32f4xx_hal_dma.o
 .debug_info    0x0000000000005b67      0x7be ./Drivers/STM32F4xx_HAL_Driver/Src/stm32f4xx_hal_gpio.o
 .debug_info    0x0000000000006325     0x170f ./Drivers/STM32F4xx_HAL_Driver/Src/stm32f4xx_hal_pcd.o
 .debug_info    0x0000000000007a34      0x9ab ./Drivers/STM32F4xx_HAL_Driver/Src/stm32f4xx_hal_rcc.o
 .debug_info    0x00000000000083df      0x9ec ./Drivers/STM32F4xx_HAL_Driver/Src/stm32f4xx_hal_rcc_ex.o
 .debug_info    0x0000000000008dcb     0x1d34 ./Drivers/STM32F4xx_HAL_Driver/Src/stm32f4xx_hal_sd.o
 .debug_info    0x000000000000aaff     0x31bc ./Drivers/STM32F4xx_HAL_Driver/Src/stm32f4xx_hal_uart.o
 .debug_info    0x000000000000dcbb     0x11dd ./Drivers/STM32F4xx_HAL_Driver/Src/stm32f4xx_ll_sdmmc.o
 .debug_info    0x000000000000ee98     0x1afb ./Drivers/STM32F4xx_HAL_Driver/Src/stm32f4xx_ll_usb.o
 .debug_info    0x0000000000010993      0xb55 ./FATFS/Target/bsp_driver_sd.o
 .debug_info    0x00000000000114e8      0x59e ./FATFS/Target/sd_diskio.o
 .debug_info    0x0000000000011a86      0xef5 ./Middlewares/ST/STM32_USB_Device_Library/Core/Src/usbd_core.o
 .debug_info    0x000000000001297b      0xb8d ./Middlewares/ST/STM32_USB_Device_Library/Core/Src/usbd_ctlreq.o
 .debug_info    0x0000000000013508      0x7e8 ./Middlewares/ST/STM32_USB_Device_Library/Core/Src/usbd_ioreq.o
 .debug_info    0x0000000000013cf0     0x2007 ./USB_DEVICE/Target/usbd_conf.o

.debug_abbrev   0x0000000000000000     0x30f5
 .debug_abbrev  0x0000000000000000      0x2eb ./Core/Src/main.o
 .debug_abbrev  0x00000000000002eb      0x245 ./Core/Src/stm32f4xx_hal_msp.o
 .debug_abbrev  0x0000000000000530      0x1dc ./Core/Src/stm32f4xx_it.o
 .debug_abbrev  0x000000000000070c      0x116 ./Core/Src/system_stm32f4xx.o
 .debug_abbrev  0x0000000000000822       0x12 ./Core/Startup/startup_stm32f446rctx.o
 .debug_abbrev  0x0000000000000834      0x20d ./Drivers/STM32F4xx_HAL_Driver/Src/stm32f4xx_hal.o
 .debug_abbrev  0x0000000000000a41      0x316 ./Drivers/STM32F4xx_HAL_Driver/Src/stm32f4xx_hal_cortex.o
 .debug_abbrev  0x0000000000000d57      0x25b ./Drivers/STM32F4xx_HAL_Driver/Src/stm32f4xx_hal_dma.o
 .debug_abbrev  0x0000000000000fb2      0x1c4 ./Drivers/STM32F4xx_HAL_Driver/Src/stm32f4xx_hal_gpio.o
 .debug_abbrev  0x0000000000001176      0x2d2 ./Drivers/STM32F4xx_HAL_Driver/Src/stm32f4xx_hal_pcd.o
 .debug_abbrev  0x0000000000001448      0x2aa ./Drivers/STM32F4xx_HAL_Driver/Src/stm32f4xx_hal_rcc.o
 .debug_abbrev  0x00000000000016f2      0x1fb ./Drivers/STM32F4xx_HAL_Driver/Src/stm32f4xx_hal_rcc_ex.o
 .debug_abbrev  0x00000000000018ed      0x288 ./Drivers/STM32F4xx_HAL_Driver/Src/stm32f4xx_hal_sd.o
 .debug_abbrev  0x0000000000001b75      0x2f4 ./Drivers/STM32F4xx_HAL_Driver/Src/stm32f4xx_hal_uart.o
 .debug_abbrev  0x0000000000001e69      0x1ce ./Drivers/STM32F4xx_HAL_Driver/Src/stm32f4xx_ll_sdmmc.o
 .debug_abbrev  0x0000000000002037      0x296 ./Drivers/STM32F4xx_HAL_Driver/Src/stm32f4xx_ll_usb.o
 .debug_abbrev  0x00000000000022cd      0x295 ./FATFS/Target/bsp_driver_sd.o
 .debug_abbrev  0x0000000000002562      0x21f ./FATFS/Target/sd_diskio.o
 .debug_abbrev  0x0000000000002781      0x263 ./Middlewares/ST/STM32_USB_Device_Library/Core/Src/usbd_core.o
 .debug_abbrev  0x00000000000029e4      0x25c ./Middlewares/ST/STM32_USB_Device_Library/Core/Src/usbd_ctlreq.o
 .debug_abbrev  0x0000000000002c40      0x18a ./Middlewares/ST/STM32_USB_Device_Library/Core/Src/usbd_ioreq.o
 .debug_abbrev  0x0000000000002dca      0x32b ./USB_DEVICE/Target/usbd_conf.o

.debug_aranges  0x0000000000000000     0x1100
 .debug_aranges
                0x0000000000000000       0x58 ./Core/Src/main.o
 .debug_aranges
                0x0000000000000058       0x40 ./Core/Src/stm32f4xx_hal_msp.o
 .debug_aranges
                0x0000000000000098       0x80 ./Core/Src/stm32f4xx_it.o
 .debug_aranges
                0x0000000000000118       0x28 ./Core/Src/system_stm32f4xx.o
 .debug_aranges
                0x0000000000000140       0x28 ./Core/Startup/startup_stm32f446rctx.o
 .debug_aranges
                0x0000000000000168       0xf0 ./Drivers/STM32F4xx_HAL_Driver/Src/stm32f4xx_hal.o
 .debug_aranges
                0x0000000000000258      0x118 ./Drivers/STM32F4xx_HAL_Driver/Src/stm32f4xx_hal_cortex.o
 .debug_aranges
                0x0000000000000370       0x90 ./Drivers/STM32F4xx_HAL_Driver/Src/stm32f4xx_hal_dma.o
 .debug_aranges
                0x0000000000000400       0x58 ./Drivers/STM32F4xx_HAL_Driver/Src/stm32f4xx_hal_gpio.o
 .debug_aranges
                0x0000000000000458      0x148 ./Drivers/STM32F4xx_HAL_Driver/Src/stm32f4xx_hal_pcd.o
 .debug_aranges
                0x00000000000005a0       0x88 ./Drivers/STM32F4xx_HAL_Driver/Src/stm32f4xx_hal_rcc.o
 .debug_aranges
                0x0000000000000628       0x78 ./Drivers/STM32F4xx_HAL_Driver/Src/stm32f4xx_hal_rcc_ex.o
 .debug_aranges
                0x00000000000006a0      0x168 ./Drivers/STM32F4xx_HAL_Driver/Src/stm32f4xx_hal_sd.o
 .debug_aranges
                0x0000000000000808      0x200 ./Drivers/STM32F4xx_HAL_Driver/Src/stm32f4xx_hal_uart.o
 .debug_aranges
                0x0000000000000a08      0x188 ./Drivers/STM32F4xx_HAL_Driver/Src/stm32f4xx_ll_sdmmc.o
 .debug_aranges
                0x0000000000000b90      0x1a0 ./Drivers/STM32F4xx_HAL_Driver/Src/stm32f4xx_ll_usb.o
 .debug_aranges
                0x0000000000000d30       0xa0 ./FATFS/Target/bsp_driver_sd.o
 .debug_aranges
                0x0000000000000dd0       0x60 ./FATFS/Target/sd_diskio.o
 .debug_aranges
                0x0000000000000e30       0xd8 ./Middlewares/ST/STM32_USB_Device_Library/Core/Src/usbd_core.o
 .debug_aranges
                0x0000000000000f08       0x90 ./Middlewares/ST/STM32_USB_Device_Library/Core/Src/usbd_ctlreq.o
 .debug_aranges
                0x0000000000000f98       0x50 ./Middlewares/ST/STM32_USB_Device_Library/Core/Src/usbd_ioreq.o
 .debug_aranges
                0x0000000000000fe8      0x118 ./USB_DEVICE/Target/usbd_conf.o

.debug_ranges   0x0000000000000000      0xfd8
 .debug_ranges  0x0000000000000000       0x48 ./Core/Src/main.o
 .debug_ranges  0x0000000000000048       0x30 ./Core/Src/stm32f4xx_hal_msp.o
 .debug_ranges  0x0000000000000078       0x70 ./Core/Src/stm32f4xx_it.o
 .debug_ranges  0x00000000000000e8       0x18 ./Core/Src/system_stm32f4xx.o
 .debug_ranges  0x0000000000000100       0x20 ./Core/Startup/startup_stm32f446rctx.o
 .debug_ranges  0x0000000000000120       0xe0 ./Drivers/STM32F4xx_HAL_Driver/Src/stm32f4xx_hal.o
 .debug_ranges  0x0000000000000200      0x108 ./Drivers/STM32F4xx_HAL_Driver/Src/stm32f4xx_hal_cortex.o
 .debug_ranges  0x0000000000000308       0x80 ./Drivers/STM32F4xx_HAL_Driver/Src/stm32f4xx_hal_dma.o
 .debug_ranges  0x0000000000000388       0x48 ./Drivers/STM32F4xx_HAL_Driver/Src/stm32f4xx_hal_gpio.o
 .debug_ranges  0x00000000000003d0      0x138 ./Drivers/STM32F4xx_HAL_Driver/Src/stm32f4xx_hal_pcd.o
 .debug_ranges  0x0000000000000508       0x78 ./Drivers/STM32F4xx_HAL_Driver/Src/stm32f4xx_hal_rcc.o
 .debug_ranges  0x0000000000000580       0x68 ./Drivers/STM32F4xx_HAL_Driver/Src/stm32f4xx_hal_rcc_ex.o
 .debug_ranges  0x00000000000005e8      0x158 ./Drivers/STM32F4xx_HAL_Driver/Src/stm32f4xx_hal_sd.o
 .debug_ranges  0x0000000000000740      0x220 ./Drivers/STM32F4xx_HAL_Driver/Src/stm32f4xx_hal_uart.o
 .debug_ranges  0x0000000000000960      0x178 ./Drivers/STM32F4xx_HAL_Driver/Src/stm32f4xx_ll_sdmmc.o
 .debug_ranges  0x0000000000000ad8      0x190 ./Drivers/STM32F4xx_HAL_Driver/Src/stm32f4xx_ll_usb.o
 .debug_ranges  0x0000000000000c68       0x90 ./FATFS/Target/bsp_driver_sd.o
 .debug_ranges  0x0000000000000cf8       0x50 ./FATFS/Target/sd_diskio.o
 .debug_ranges  0x0000000000000d48       0xc8 ./Middlewares/ST/STM32_USB_Device_Library/Core/Src/usbd_core.o
 .debug_ranges  0x0000000000000e10       0x80 ./Middlewares/ST/STM32_USB_Device_Library/Core/Src/usbd_ctlreq.o
 .debug_ranges  0x0000000000000e90       0x40 ./Middlewares/ST/STM32_USB_Device_Library/Core/Src/usbd_ioreq.o
 .debug_ranges  0x0000000000000ed0      0x108 ./USB_DEVICE/Target/usbd_conf.o

.debug_macro    0x0000000000000000    0x24363
 .debug_macro   0x0000000000000000      0x44d ./Core/Src/main.o
 .debug_macro   0x000000000000044d      0xa78 ./Core/Src/main.o
 .debug_macro   0x0000000000000ec5      0x2a1 ./Core/Src/main.o
 .debug_macro   0x0000000000001166       0x2e ./Core/Src/main.o
 .debug_macro   0x0000000000001194       0x28 ./Core/Src/main.o
 .debug_macro   0x00000000000011bc       0x22 ./Core/Src/main.o
 .debug_macro   0x00000000000011de       0x8e ./Core/Src/main.o
 .debug_macro   0x000000000000126c       0x51 ./Core/Src/main.o
 .debug_macro   0x00000000000012bd      0x103 ./Core/Src/main.o
 .debug_macro   0x00000000000013c0       0x6a ./Core/Src/main.o
 .debug_macro   0x000000000000142a      0x1df ./Core/Src/main.o
 .debug_macro   0x0000000000001609       0x1c ./Core/Src/main.o
 .debug_macro   0x0000000000001625       0x22 ./Core/Src/main.o
 .debug_macro   0x0000000000001647       0xd9 ./Core/Src/main.o
 .debug_macro   0x0000000000001720     0x102d ./Core/Src/main.o
 .debug_macro   0x000000000000274d      0x11f ./Core/Src/main.o
 .debug_macro   0x000000000000286c    0x16749 ./Core/Src/main.o
 .debug_macro   0x0000000000018fb5       0x6d ./Core/Src/main.o
 .debug_macro   0x0000000000019022     0x367e ./Core/Src/main.o
 .debug_macro   0x000000000001c6a0      0x174 ./Core/Src/main.o
 .debug_macro   0x000000000001c814       0x5c ./Core/Src/main.o
 .debug_macro   0x000000000001c870      0xc90 ./Core/Src/main.o
 .debug_macro   0x000000000001d500      0x9fe ./Core/Src/main.o
 .debug_macro   0x000000000001defe      0x115 ./Core/Src/main.o
 .debug_macro   0x000000000001e013      0x1a0 ./Core/Src/main.o
 .debug_macro   0x000000000001e1b3       0xa5 ./Core/Src/main.o
 .debug_macro   0x000000000001e258      0x16d ./Core/Src/main.o
 .debug_macro   0x000000000001e3c5      0x287 ./Core/Src/main.o
 .debug_macro   0x000000000001e64c       0x5f ./Core/Src/main.o
 .debug_macro   0x000000000001e6ab      0x236 ./Core/Src/main.o
 .debug_macro   0x000000000001e8e1      0x132 ./Core/Src/main.o
 .debug_macro   0x000000000001ea13      0x29c ./Core/Src/main.o
 .debug_macro   0x000000000001ecaf       0x2e ./Core/Src/main.o
 .debug_macro   0x000000000001ecdd      0x11a ./Core/Src/main.o
 .debug_macro   0x000000000001edf7       0xe8 ./Core/Src/main.o
 .debug_macro   0x000000000001eedf       0x89 ./Core/Src/main.o
 .debug_macro   0x000000000001ef68      0x81b ./Core/Src/main.o
 .debug_macro   0x000000000001f783      0x1d5 ./Core/Src/main.o
 .debug_macro   0x000000000001f958      0x295 ./Core/Src/main.o
 .debug_macro   0x000000000001fbed      0x248 ./Core/Src/main.o
 .debug_macro   0x000000000001fe35       0xba ./Core/Src/main.o
 .debug_macro   0x000000000001feef      0x126 ./Core/Src/main.o
 .debug_macro   0x0000000000020015       0x28 ./Core/Src/main.o
 .debug_macro   0x000000000002003d       0x3a ./Core/Src/main.o
 .debug_macro   0x0000000000020077       0xe5 ./Core/Src/main.o
 .debug_macro   0x000000000002015c       0x1e ./Core/Src/main.o
 .debug_macro   0x000000000002017a       0x52 ./Core/Src/main.o
 .debug_macro   0x00000000000201cc       0x3c ./Core/Src/main.o
 .debug_macro   0x0000000000020208       0x34 ./Core/Src/main.o
 .debug_macro   0x000000000002023c       0x16 ./Core/Src/main.o
 .debug_macro   0x0000000000020252       0x35 ./Core/Src/main.o
 .debug_macro   0x0000000000020287       0x16 ./Core/Src/main.o
 .debug_macro   0x000000000002029d       0x43 ./Core/Src/main.o
 .debug_macro   0x00000000000202e0       0x34 ./Core/Src/main.o
 .debug_macro   0x0000000000020314       0x10 ./Core/Src/main.o
 .debug_macro   0x0000000000020324       0x58 ./Core/Src/main.o
 .debug_macro   0x000000000002037c       0x71 ./Core/Src/main.o
 .debug_macro   0x00000000000203ed       0x1c ./Core/Src/main.o
 .debug_macro   0x0000000000020409      0x12a ./Core/Src/main.o
 .debug_macro   0x0000000000020533      0x341 ./Core/Src/main.o
 .debug_macro   0x0000000000020874       0x16 ./Core/Src/main.o
 .debug_macro   0x000000000002088a       0x29 ./Core/Src/main.o
 .debug_macro   0x00000000000208b3       0x12 ./Core/Src/main.o
 .debug_macro   0x00000000000208c5       0xe2 ./Core/Src/main.o
 .debug_macro   0x00000000000209a7       0x8e ./Core/Src/main.o
 .debug_macro   0x0000000000020a35       0x1c ./Core/Src/main.o
 .debug_macro   0x0000000000020a51       0x10 ./Core/Src/main.o
 .debug_macro   0x0000000000020a61       0x10 ./Core/Src/main.o
 .debug_macro   0x0000000000020a71       0x1c ./Core/Src/main.o
 .debug_macro   0x0000000000020a8d       0x52 ./Core/Src/main.o
 .debug_macro   0x0000000000020adf       0x22 ./Core/Src/main.o
 .debug_macro   0x0000000000020b01       0x10 ./Core/Src/main.o
 .debug_macro   0x0000000000020b11       0x52 ./Core/Src/main.o
 .debug_macro   0x0000000000020b63       0xd5 ./Core/Src/main.o
 .debug_macro   0x0000000000020c38       0x1c ./Core/Src/main.o
 .debug_macro   0x0000000000020c54       0x3d ./Core/Src/main.o
 .debug_macro   0x0000000000020c91       0x16 ./Core/Src/main.o
 .debug_macro   0x0000000000020ca7      0x145 ./Core/Src/main.o
 .debug_macro   0x0000000000020dec       0x16 ./Core/Src/main.o
 .debug_macro   0x0000000000020e02       0x20 ./Core/Src/main.o
 .debug_macro   0x0000000000020e22       0x6b ./Core/Src/main.o
 .debug_macro   0x0000000000020e8d      0x20f ./Core/Src/main.o
 .debug_macro   0x000000000002109c      0x206 ./Core/Src/stm32f4xx_hal_msp.o
 .debug_macro   0x00000000000212a2      0x210 ./Core/Src/stm32f4xx_it.o
 .debug_macro   0x00000000000214b2      0x1f7 ./Core/Src/system_stm32f4xx.o
 .debug_macro   0x00000000000216a9      0x257 ./Drivers/STM32F4xx_HAL_Driver/Src/stm32f4xx_hal.o
 .debug_macro   0x0000000000021900      0x1f7 ./Drivers/STM32F4xx_HAL_Driver/Src/stm32f4xx_hal_cortex.o
 .debug_macro   0x0000000000021af7      0x1fd ./Drivers/STM32F4xx_HAL_Driver/Src/stm32f4xx_hal_dma.o
 .debug_macro   0x0000000000021cf4      0x1fd ./Drivers/STM32F4xx_HAL_Driver/Src/stm32f4xx_hal_gpio.o
 .debug_macro   0x0000000000021ef1      0x203 ./Drivers/STM32F4xx_HAL_Driver/Src/stm32f4xx_hal_pcd.o
 .debug_macro   0x00000000000220f4      0x21b ./Drivers/STM32F4xx_HAL_Driver/Src/stm32f4xx_hal_rcc.o
 .debug_macro   0x000000000002230f      0x1f7 ./Drivers/STM32F4xx_HAL_Driver/Src/stm32f4xx_hal_rcc_ex.o
 .debug_macro   0x0000000000022506      0x1f8 ./Drivers/STM32F4xx_HAL_Driver/Src/stm32f4xx_hal_sd.o
 .debug_macro   0x00000000000226fe      0x1f8 ./Drivers/STM32F4xx_HAL_Driver/Src/stm32f4xx_hal_uart.o
 .debug_macro   0x00000000000228f6      0x1f8 ./Drivers/STM32F4xx_HAL_Driver/Src/stm32f4xx_ll_sdmmc.o
 .debug_macro   0x0000000000022aee      0x1f7 ./Drivers/STM32F4xx_HAL_Driver/Src/stm32f4xx_ll_usb.o
 .debug_macro   0x0000000000022ce5      0x206 ./FATFS/Target/bsp_driver_sd.o
 .debug_macro   0x0000000000022eeb       0x34 ./FATFS/Target/bsp_driver_sd.o
 .debug_macro   0x0000000000022f1f      0x367 ./FATFS/Target/sd_diskio.o
 .debug_macro   0x0000000000023286       0x16 ./FATFS/Target/sd_diskio.o
 .debug_macro   0x000000000002329c       0x7c ./FATFS/Target/sd_diskio.o
 .debug_macro   0x0000000000023318      0x403 ./Middlewares/ST/STM32_USB_Device_Library/Core/Src/usbd_core.o
 .debug_macro   0x000000000002371b      0x40d ./Middlewares/ST/STM32_USB_Device_Library/Core/Src/usbd_ctlreq.o
 .debug_macro   0x0000000000023b28      0x409 ./Middlewares/ST/STM32_USB_Device_Library/Core/Src/usbd_ioreq.o
 .debug_macro   0x0000000000023f31      0x432 ./USB_DEVICE/Target/usbd_conf.o

.debug_line     0x0000000000000000    0x148ea
 .debug_line    0x0000000000000000      0xbab ./Core/Src/main.o
 .debug_line    0x0000000000000bab      0x814 ./Core/Src/stm32f4xx_hal_msp.o
 .debug_line    0x00000000000013bf      0x7fa ./Core/Src/stm32f4xx_it.o
 .debug_line    0x0000000000001bb9      0x759 ./Core/Src/system_stm32f4xx.o
 .debug_line    0x0000000000002312       0x88 ./Core/Startup/startup_stm32f446rctx.o
 .debug_line    0x000000000000239a      0x9bf ./Drivers/STM32F4xx_HAL_Driver/Src/stm32f4xx_hal.o
 .debug_line    0x0000000000002d59      0xc6e ./Drivers/STM32F4xx_HAL_Driver/Src/stm32f4xx_hal_cortex.o
 .debug_line    0x00000000000039c7      0xf23 ./Drivers/STM32F4xx_HAL_Driver/Src/stm32f4xx_hal_dma.o
 .debug_line    0x00000000000048ea      0xb1f ./Drivers/STM32F4xx_HAL_Driver/Src/stm32f4xx_hal_gpio.o
 .debug_line    0x0000000000005409     0x1489 ./Drivers/STM32F4xx_HAL_Driver/Src/stm32f4xx_hal_pcd.o
 .debug_line    0x0000000000006892      0xd47 ./Drivers/STM32F4xx_HAL_Driver/Src/stm32f4xx_hal_rcc.o
 .debug_line    0x00000000000075d9     0x13d2 ./Drivers/STM32F4xx_HAL_Driver/Src/stm32f4xx_hal_rcc_ex.o
 .debug_line    0x00000000000089ab     0x1de1 ./Drivers/STM32F4xx_HAL_Driver/Src/stm32f4xx_hal_sd.o
 .debug_line    0x000000000000a78c     0x2a64 ./Drivers/STM32F4xx_HAL_Driver/Src/stm32f4xx_hal_uart.o
 .debug_line    0x000000000000d1f0      0xf52 ./Drivers/STM32F4xx_HAL_Driver/Src/stm32f4xx_ll_sdmmc.o
 .debug_line    0x000000000000e142     0x1a7d ./Drivers/STM32F4xx_HAL_Driver/Src/stm32f4xx_ll_usb.o
 .debug_line    0x000000000000fbbf      0x8a8 ./FATFS/Target/bsp_driver_sd.o
 .debug_line    0x0000000000010467      0xada ./FATFS/Target/sd_diskio.o
 .debug_line    0x0000000000010f41      0xf5a ./Middlewares/ST/STM32_USB_Device_Library/Core/Src/usbd_core.o
 .debug_line    0x0000000000011e9b     0x1148 ./Middlewares/ST/STM32_USB_Device_Library/Core/Src/usbd_ctlreq.o
 .debug_line    0x0000000000012fe3      0xa72 ./Middlewares/ST/STM32_USB_Device_Library/Core/Src/usbd_ioreq.o
 .debug_line    0x0000000000013a55      0xe95 ./USB_DEVICE/Target/usbd_conf.o

.debug_str      0x0000000000000000    0xd1f5d
 .debug_str     0x0000000000000000    0xcd3f9 ./Core/Src/main.o
                                      0xcd7c9 (size before relaxing)
 .debug_str     0x00000000000cd3f9      0x251 ./Core/Src/stm32f4xx_hal_msp.o
                                      0xc87a4 (size before relaxing)
 .debug_str     0x00000000000cd64a      0x4cf ./Core/Src/stm32f4xx_it.o
                                      0xc814c (size before relaxing)
 .debug_str     0x00000000000cdb19       0x87 ./Core/Src/system_stm32f4xx.o
                                      0xc78f1 (size before relaxing)
 .debug_str     0x00000000000cdba0       0x36 ./Core/Startup/startup_stm32f446rctx.o
                                         0x6c (size before relaxing)
 .debug_str     0x00000000000cdbd6      0x608 ./Drivers/STM32F4xx_HAL_Driver/Src/stm32f4xx_hal.o
                                      0xc84b6 (size before relaxing)
 .debug_str     0x00000000000ce1de      0x320 ./Drivers/STM32F4xx_HAL_Driver/Src/stm32f4xx_hal_cortex.o
                                      0xc81c4 (size before relaxing)
 .debug_str     0x00000000000ce4fe      0x2f3 ./Drivers/STM32F4xx_HAL_Driver/Src/stm32f4xx_hal_dma.o
                                      0xc7ce6 (size before relaxing)
 .debug_str     0x00000000000ce7f1      0x10e ./Drivers/STM32F4xx_HAL_Driver/Src/stm32f4xx_hal_gpio.o
                                      0xc7a6c (size before relaxing)
 .debug_str     0x00000000000ce8ff      0x853 ./Drivers/STM32F4xx_HAL_Driver/Src/stm32f4xx_hal_pcd.o
                                      0xc83e6 (size before relaxing)
 .debug_str     0x00000000000cf152      0x21f ./Drivers/STM32F4xx_HAL_Driver/Src/stm32f4xx_hal_rcc.o
                                      0xc7d2a (size before relaxing)
 .debug_str     0x00000000000cf371      0x19d ./Drivers/STM32F4xx_HAL_Driver/Src/stm32f4xx_hal_rcc_ex.o
                                      0xc7d5d (size before relaxing)
 .debug_str     0x00000000000cf50e      0x902 ./Drivers/STM32F4xx_HAL_Driver/Src/stm32f4xx_hal_sd.o
                                      0xc8645 (size before relaxing)
 .debug_str     0x00000000000cfe10      0x5f9 ./Drivers/STM32F4xx_HAL_Driver/Src/stm32f4xx_hal_uart.o
                                      0xc829f (size before relaxing)
 .debug_str     0x00000000000d0409      0x227 ./Drivers/STM32F4xx_HAL_Driver/Src/stm32f4xx_ll_sdmmc.o
                                      0xc7d53 (size before relaxing)
 .debug_str     0x00000000000d0630      0x43b ./Drivers/STM32F4xx_HAL_Driver/Src/stm32f4xx_ll_usb.o
                                      0xc822f (size before relaxing)
 .debug_str     0x00000000000d0a6b      0x164 ./FATFS/Target/bsp_driver_sd.o
                                      0xc7f5b (size before relaxing)
 .debug_str     0x00000000000d0bcf      0x173 ./FATFS/Target/sd_diskio.o
                                      0xcb04f (size before relaxing)
 .debug_str     0x00000000000d0d42      0x7d5 ./Middlewares/ST/STM32_USB_Device_Library/Core/Src/usbd_core.o
                                      0xcc908 (size before relaxing)
 .debug_str     0x00000000000d1517      0x158 ./Middlewares/ST/STM32_USB_Device_Library/Core/Src/usbd_ctlreq.o
                                      0xcc733 (size before relaxing)
 .debug_str     0x00000000000d166f       0x8a ./Middlewares/ST/STM32_USB_Device_Library/Core/Src/usbd_ioreq.o
                                      0xcc608 (size before relaxing)
 .debug_str     0x00000000000d16f9      0x864 ./USB_DEVICE/Target/usbd_conf.o
                                      0xcdf93 (size before relaxing)

.comment        0x0000000000000000       0x50
 .comment       0x0000000000000000       0x50 ./Core/Src/main.o
                                         0x51 (size before relaxing)
 .comment       0x0000000000000050       0x51 ./Core/Src/stm32f4xx_hal_msp.o
 .comment       0x0000000000000050       0x51 ./Core/Src/stm32f4xx_it.o
 .comment       0x0000000000000050       0x51 ./Core/Src/system_stm32f4xx.o
 .comment       0x0000000000000050       0x51 ./Drivers/STM32F4xx_HAL_Driver/Src/stm32f4xx_hal.o
 .comment       0x0000000000000050       0x51 ./Drivers/STM32F4xx_HAL_Driver/Src/stm32f4xx_hal_cortex.o
 .comment       0x0000000000000050       0x51 ./Drivers/STM32F4xx_HAL_Driver/Src/stm32f4xx_hal_dma.o
 .comment       0x0000000000000050       0x51 ./Drivers/STM32F4xx_HAL_Driver/Src/stm32f4xx_hal_gpio.o
 .comment       0x0000000000000050       0x51 ./Drivers/STM32F4xx_HAL_Driver/Src/stm32f4xx_hal_pcd.o
 .comment       0x0000000000000050       0x51 ./Drivers/STM32F4xx_HAL_Driver/Src/stm32f4xx_hal_rcc.o
 .comment       0x0000000000000050       0x51 ./Drivers/STM32F4xx_HAL_Driver/Src/stm32f4xx_hal_rcc_ex.o
 .comment       0x0000000000000050       0x51 ./Drivers/STM32F4xx_HAL_Driver/Src/stm32f4xx_hal_sd.o
 .comment       0x0000000000000050       0x51 ./Drivers/STM32F4xx_HAL_Driver/Src/stm32f4xx_hal_uart.o
 .comment       0x0000000000000050       0x51 ./Drivers/STM32F4xx_HAL_Driver/Src/stm32f4xx_ll_sdmmc.o
 .comment       0x0000000000000050       0x51 ./Drivers/STM32F4xx_HAL_Driver/Src/stm32f4xx_ll_usb.o
 .comment       0x0000000000000050       0x51 ./FATFS/Target/bsp_driver_sd.o
 .comment       0x0000000000000050       0x51 ./FATFS/Target/sd_diskio.o
 .comment       0x0000000000000050       0x51 ./Middlewares/ST/STM32_USB_Device_Library/Core/Src/usbd_core.o
 .comment       0x0000000000000050       0x51 ./Middlewares/ST/STM32_USB_Device_Library/Core/Src/usbd_ctlreq.o
 .comment       0x0000000000000050       0x51 ./Middlewares/ST/STM32_USB_Device_Library/Core/Src/usbd_ioreq.o
 .comment       0x0000000000000050       0x51 ./USB_DEVICE/Target/usbd_conf.o

.debug_frame    0x0000000000000000     0x46cc
 .debug_frame   0x0000000000000000      0x118 ./Core/Src/main.o
 .debug_frame   0x0000000000000118       0xcc ./Core/Src/stm32f4xx_hal_msp.o
 .debug_frame   0x00000000000001e4      0x174 ./Core/Src/stm32f4xx_it.o
 .debug_frame   0x0000000000000358       0x58 ./Core/Src/system_stm32f4xx.o
 .debug_frame   0x00000000000003b0      0x374 ./Drivers/STM32F4xx_HAL_Driver/Src/stm32f4xx_hal.o
 .debug_frame   0x0000000000000724      0x498 ./Drivers/STM32F4xx_HAL_Driver/Src/stm32f4xx_hal_cortex.o
 .debug_frame   0x0000000000000bbc      0x250 ./Drivers/STM32F4xx_HAL_Driver/Src/stm32f4xx_hal_dma.o
 .debug_frame   0x0000000000000e0c      0x14c ./Drivers/STM32F4xx_HAL_Driver/Src/stm32f4xx_hal_gpio.o
 .debug_frame   0x0000000000000f58      0x5bc ./Drivers/STM32F4xx_HAL_Driver/Src/stm32f4xx_hal_pcd.o
 .debug_frame   0x0000000000001514      0x1f4 ./Drivers/STM32F4xx_HAL_Driver/Src/stm32f4xx_hal_rcc.o
 .debug_frame   0x0000000000001708      0x1e8 ./Drivers/STM32F4xx_HAL_Driver/Src/stm32f4xx_hal_rcc_ex.o
 .debug_frame   0x00000000000018f0      0x650 ./Drivers/STM32F4xx_HAL_Driver/Src/stm32f4xx_hal_sd.o
 .debug_frame   0x0000000000001f40      0x92c ./Drivers/STM32F4xx_HAL_Driver/Src/stm32f4xx_hal_uart.o
 .debug_frame   0x000000000000286c      0x6d0 ./Drivers/STM32F4xx_HAL_Driver/Src/stm32f4xx_ll_sdmmc.o
 .debug_frame   0x0000000000002f3c      0x7c0 ./Drivers/STM32F4xx_HAL_Driver/Src/stm32f4xx_ll_usb.o
 .debug_frame   0x00000000000036fc      0x25c ./FATFS/Target/bsp_driver_sd.o
 .debug_frame   0x0000000000003958      0x14c ./FATFS/Target/sd_diskio.o
 .debug_frame   0x0000000000003aa4      0x390 ./Middlewares/ST/STM32_USB_Device_Library/Core/Src/usbd_core.o
 .debug_frame   0x0000000000003e34      0x23c ./Middlewares/ST/STM32_USB_Device_Library/Core/Src/usbd_ctlreq.o
 .debug_frame   0x0000000000004070      0x10c ./Middlewares/ST/STM32_USB_Device_Library/Core/Src/usbd_ioreq.o
 .debug_frame   0x000000000000417c      0x4a4 ./USB_DEVICE/Target/usbd_conf.o
 .debug_frame   0x0000000000004620       0x2c /opt/st/stm32cubeide_1.9.0/plugins/com.st.stm32cube.ide.mcu.externaltools.gnu-tools-for-stm32.10.3-2021.10.linux64_1.0.0.202111181127/tools/bin/../lib/gcc/arm-none-eabi/10.3.1/../../../../arm-none-eabi/lib/thumb/v7e-m+fp/hard/libc_nano.a(lib_a-init.o)
 .debug_frame   0x000000000000464c       0x20 /opt/st/stm32cubeide_1.9.0/plugins/com.st.stm32cube.ide.mcu.externaltools.gnu-tools-for-stm32.10.3-2021.10.linux64_1.0.0.202111181127/tools/bin/../lib/gcc/arm-none-eabi/10.3.1/../../../../arm-none-eabi/lib/thumb/v7e-m+fp/hard/libc_nano.a(lib_a-memset.o)
 .debug_frame   0x000000000000466c       0x2c /opt/st/stm32cubeide_1.9.0/plugins/com.st.stm32cube.ide.mcu.externaltools.gnu-tools-for-stm32.10.3-2021.10.linux64_1.0.0.202111181127/tools/bin/../lib/gcc/arm-none-eabi/10.3.1/thumb/v7e-m+fp/hard/libgcc.a(_aeabi_uldivmod.o)
 .debug_frame   0x0000000000004698       0x34 /opt/st/stm32cubeide_1.9.0/plugins/com.st.stm32cube.ide.mcu.externaltools.gnu-tools-for-stm32.10.3-2021.10.linux64_1.0.0.202111181127/tools/bin/../lib/gcc/arm-none-eabi/10.3.1/thumb/v7e-m+fp/hard/libgcc.a(_udivmoddi4.o)
